2001:41d0:700:: - - [20/Dec/2023:13:45:10 +0100] "GET /Practicas%20DAM23/Prueba%2031%20Resuelta%202/img/black/Vector_black.png HTTP/1.1" 200 7735 josemroldanguerrero.com "-" "Mozilla/5.0 (Windows NT 6.1; WOW64) AppleWebKit/537.1 (KHTML, like Gecko) Chrome/21.0.1180.83 Safari/537.1" "-"
2001:41d0:700:: - - [20/Dec/2023:13:45:30 +0100] "GET /Practicas%20DAM23/Prueba%2031%20Resuelta%202/img/black/Vector_black.png HTTP/1.1" 200 7735 josemroldanguerrero.com "-" "Mozilla/5.0 (Windows NT 6.1; WOW64) AppleWebKit/537.1 (KHTML, like Gecko) Chrome/21.0.1180.83 Safari/537.1" "-"
2001:41d0:700:: - - [20/Dec/2023:13:47:11 +0100] "GET /Practicas%20DAM23/Prueba%2031%20Resuelta%202/img/black/Vector%20ojo.png HTTP/1.1" 200 8738 josemroldanguerrero.com "-" "Mozilla/5.0 (Windows NT 6.1; WOW64) AppleWebKit/537.1 (KHTML, like Gecko) Chrome/21.0.1180.83 Safari/537.1" "-"
2001:41d0:700:: - - [20/Dec/2023:13:47:18 +0100] "GET /Practicas%20DAM23/Prueba%2031%20Resuelta%202/img/black/Vector%20ojo.png HTTP/1.1" 200 8738 josemroldanguerrero.com "-" "Mozilla/5.0 (Windows NT 6.1; WOW64) AppleWebKit/537.1 (KHTML, like Gecko) Chrome/21.0.1180.83 Safari/537.1" "-"
51.195.40.0 - - [20/Dec/2023:13:47:34 +0100] "GET /index.html HTTP/1.1" 200 14962 josemroldanguerrero.com "-" "Mozilla/5.0 (Windows NT 10.0; Win64; x64) AppleWebKit/537.36 (KHTML, like Gecko) Chrome/63.0.3239.132 Safari/537.36" "-"
51.195.40.0 - - [20/Dec/2023:13:47:36 +0100] "GET /index.html HTTP/1.1" 200 14962 josemroldanguerrero.com "-" "Mozilla/5.0 (Windows NT 10.0; Win64; x64) AppleWebKit/537.36 (KHTML, like Gecko) Chrome/63.0.3239.132 Safari/537.36" "-"
51.195.40.0 - - [20/Dec/2023:13:47:50 +0100] "GET /images/project/project-image01.png HTTP/1.1" 200 661898 josemroldanguerrero.com "-" "Mozilla/5.0 (Windows NT 10.0; Win64; x64) AppleWebKit/537.36 (KHTML, like Gecko) Chrome/63.0.3239.132 Safari/537.36" "-"
51.195.40.0 - - [20/Dec/2023:13:47:51 +0100] "GET /images/project/project-image01.png HTTP/1.1" 200 661898 josemroldanguerrero.com "-" "Mozilla/5.0 (Windows NT 10.0; Win64; x64) AppleWebKit/537.36 (KHTML, like Gecko) Chrome/63.0.3239.132 Safari/537.36" "-"
2001:41d0:700:: - - [20/Dec/2023:13:47:57 +0100] "GET /Practicas%20DAM23/Prueba%2031%20Resuelta%202/img/imagen-1.png HTTP/1.1" 200 2135908 josemroldanguerrero.com "-" "Mozilla/5.0 (Windows NT 6.1; WOW64) AppleWebKit/537.1 (KHTML, like Gecko) Chrome/21.0.1180.83 Safari/537.1" "-"
51.195.40.0 - - [20/Dec/2023:13:48:06 +0100] "GET /images/project/project-image02.png HTTP/1.1" 200 535403 josemroldanguerrero.com "-" "Mozilla/5.0 (Windows NT 10.0; Win64; x64) AppleWebKit/537.36 (KHTML, like Gecko) Chrome/63.0.3239.132 Safari/537.36" "-"
51.195.40.0 - - [20/Dec/2023:13:48:49 +0100] "GET /images/project/project-image02.png HTTP/1.1" 200 535403 josemroldanguerrero.com "-" "Mozilla/5.0 (Windows NT 10.0; Win64; x64) AppleWebKit/537.36 (KHTML, like Gecko) Chrome/63.0.3239.132 Safari/537.36" "-"
35.196.229.0 - - [20/Dec/2023:13:49:13 +0100] "GET / HTTP/1.1" 200 14962 josemroldanguerrero.com "-" "Mozilla/5.0 (Windows NT 10.0; Win64; x64) AppleWebKit/537.36 (KHTML, like Gecko) Chrome/78.0.3904.108 Safari/537.36" "-"
35.196.229.0 - - [20/Dec/2023:13:49:13 +0100] "GET / HTTP/1.1" 200 14962 josemroldanguerrero.com "-" "Mozilla/5.0 (Windows NT 10.0; Win64; x64) AppleWebKit/537.36 (KHTML, like Gecko) Chrome/78.0.3904.108 Safari/537.36" "-"
35.196.229.0 - - [20/Dec/2023:13:49:13 +0100] "GET /wp-includes/wlwmanifest.xml HTTP/1.1" 404 596 josemroldanguerrero.com "-" "Mozilla/5.0 (Windows NT 10.0; Win64; x64) AppleWebKit/537.36 (KHTML, like Gecko) Chrome/78.0.3904.108 Safari/537.36" "-"
35.196.229.0 - - [20/Dec/2023:13:49:14 +0100] "GET /xmlrpc.php?rsd HTTP/1.1" 404 596 josemroldanguerrero.com "-" "Mozilla/5.0 (Windows NT 10.0; Win64; x64) AppleWebKit/537.36 (KHTML, like Gecko) Chrome/78.0.3904.108 Safari/537.36" "-"
35.196.229.0 - - [20/Dec/2023:13:49:14 +0100] "GET / HTTP/1.1" 200 14962 josemroldanguerrero.com "-" "Mozilla/5.0 (Windows NT 10.0; Win64; x64) AppleWebKit/537.36 (KHTML, like Gecko) Chrome/78.0.3904.108 Safari/537.36" "-"
35.196.229.0 - - [20/Dec/2023:13:49:14 +0100] "GET /blog/wp-includes/wlwmanifest.xml HTTP/1.1" 404 596 josemroldanguerrero.com "-" "Mozilla/5.0 (Windows NT 10.0; Win64; x64) AppleWebKit/537.36 (KHTML, like Gecko) Chrome/78.0.3904.108 Safari/537.36" "-"
35.196.229.0 - - [20/Dec/2023:13:49:14 +0100] "GET /web/wp-includes/wlwmanifest.xml HTTP/1.1" 404 596 josemroldanguerrero.com "-" "Mozilla/5.0 (Windows NT 10.0; Win64; x64) AppleWebKit/537.36 (KHTML, like Gecko) Chrome/78.0.3904.108 Safari/537.36" "-"
35.196.229.0 - - [20/Dec/2023:13:49:14 +0100] "GET /wordpress/wp-includes/wlwmanifest.xml HTTP/1.1" 404 596 josemroldanguerrero.com "-" "Mozilla/5.0 (Windows NT 10.0; Win64; x64) AppleWebKit/537.36 (KHTML, like Gecko) Chrome/78.0.3904.108 Safari/537.36" "-"
35.196.229.0 - - [20/Dec/2023:13:49:14 +0100] "GET /website/wp-includes/wlwmanifest.xml HTTP/1.1" 404 596 josemroldanguerrero.com "-" "Mozilla/5.0 (Windows NT 10.0; Win64; x64) AppleWebKit/537.36 (KHTML, like Gecko) Chrome/78.0.3904.108 Safari/537.36" "-"
35.196.229.0 - - [20/Dec/2023:13:49:14 +0100] "GET /wp/wp-includes/wlwmanifest.xml HTTP/1.1" 404 596 josemroldanguerrero.com "-" "Mozilla/5.0 (Windows NT 10.0; Win64; x64) AppleWebKit/537.36 (KHTML, like Gecko) Chrome/78.0.3904.108 Safari/537.36" "-"
35.196.229.0 - - [20/Dec/2023:13:49:14 +0100] "GET /news/wp-includes/wlwmanifest.xml HTTP/1.1" 404 596 josemroldanguerrero.com "-" "Mozilla/5.0 (Windows NT 10.0; Win64; x64) AppleWebKit/537.36 (KHTML, like Gecko) Chrome/78.0.3904.108 Safari/537.36" "-"
35.196.229.0 - - [20/Dec/2023:13:49:14 +0100] "GET /2018/wp-includes/wlwmanifest.xml HTTP/1.1" 404 596 josemroldanguerrero.com "-" "Mozilla/5.0 (Windows NT 10.0; Win64; x64) AppleWebKit/537.36 (KHTML, like Gecko) Chrome/78.0.3904.108 Safari/537.36" "-"
35.196.229.0 - - [20/Dec/2023:13:49:15 +0100] "GET /2019/wp-includes/wlwmanifest.xml HTTP/1.1" 404 596 josemroldanguerrero.com "-" "Mozilla/5.0 (Windows NT 10.0; Win64; x64) AppleWebKit/537.36 (KHTML, like Gecko) Chrome/78.0.3904.108 Safari/537.36" "-"
35.196.229.0 - - [20/Dec/2023:13:49:15 +0100] "GET /shop/wp-includes/wlwmanifest.xml HTTP/1.1" 404 596 josemroldanguerrero.com "-" "Mozilla/5.0 (Windows NT 10.0; Win64; x64) AppleWebKit/537.36 (KHTML, like Gecko) Chrome/78.0.3904.108 Safari/537.36" "-"
35.196.229.0 - - [20/Dec/2023:13:49:15 +0100] "GET /wp1/wp-includes/wlwmanifest.xml HTTP/1.1" 404 596 josemroldanguerrero.com "-" "Mozilla/5.0 (Windows NT 10.0; Win64; x64) AppleWebKit/537.36 (KHTML, like Gecko) Chrome/78.0.3904.108 Safari/537.36" "-"
35.196.229.0 - - [20/Dec/2023:13:49:15 +0100] "GET /test/wp-includes/wlwmanifest.xml HTTP/1.1" 404 596 josemroldanguerrero.com "-" "Mozilla/5.0 (Windows NT 10.0; Win64; x64) AppleWebKit/537.36 (KHTML, like Gecko) Chrome/78.0.3904.108 Safari/537.36" "-"
35.196.229.0 - - [20/Dec/2023:13:49:15 +0100] "GET /media/wp-includes/wlwmanifest.xml HTTP/1.1" 404 596 josemroldanguerrero.com "-" "Mozilla/5.0 (Windows NT 10.0; Win64; x64) AppleWebKit/537.36 (KHTML, like Gecko) Chrome/78.0.3904.108 Safari/537.36" "-"
35.196.229.0 - - [20/Dec/2023:13:49:15 +0100] "GET /wp2/wp-includes/wlwmanifest.xml HTTP/1.1" 404 596 josemroldanguerrero.com "-" "Mozilla/5.0 (Windows NT 10.0; Win64; x64) AppleWebKit/537.36 (KHTML, like Gecko) Chrome/78.0.3904.108 Safari/537.36" "-"
35.196.229.0 - - [20/Dec/2023:13:49:15 +0100] "GET /site/wp-includes/wlwmanifest.xml HTTP/1.1" 404 596 josemroldanguerrero.com "-" "Mozilla/5.0 (Windows NT 10.0; Win64; x64) AppleWebKit/537.36 (KHTML, like Gecko) Chrome/78.0.3904.108 Safari/537.36" "-"
35.196.229.0 - - [20/Dec/2023:13:49:15 +0100] "GET /cms/wp-includes/wlwmanifest.xml HTTP/1.1" 301 270 josemroldanguerrero.com "-" "Mozilla/5.0 (Windows NT 10.0; Win64; x64) AppleWebKit/537.36 (KHTML, like Gecko) Chrome/78.0.3904.108 Safari/537.36" "-"
35.196.229.0 - - [20/Dec/2023:13:49:16 +0100] "GET /sito/wp-includes/wlwmanifest.xml HTTP/1.1" 404 596 josemroldanguerrero.com "-" "Mozilla/5.0 (Windows NT 10.0; Win64; x64) AppleWebKit/537.36 (KHTML, like Gecko) Chrome/78.0.3904.108 Safari/537.36" "-"
51.195.40.0 - - [20/Dec/2023:13:49:31 +0100] "GET /images/project/project-image03.png HTTP/1.1" 200 758662 josemroldanguerrero.com "-" "Mozilla/5.0 (Windows NT 10.0; Win64; x64) AppleWebKit/537.36 (KHTML, like Gecko) Chrome/63.0.3239.132 Safari/537.36" "-"
2001:41d0:700:: - - [20/Dec/2023:13:49:32 +0100] "GET /Practicas%20DAM23/Prueba%2031%20Resuelta%202/img/imagen-1.png HTTP/1.1" 200 2135908 josemroldanguerrero.com "-" "Mozilla/5.0 (Windows NT 6.1; WOW64) AppleWebKit/537.1 (KHTML, like Gecko) Chrome/21.0.1180.83 Safari/537.1" "-"
51.195.40.0 - - [20/Dec/2023:13:49:38 +0100] "GET /images/project/project-image03.png HTTP/1.1" 200 758662 josemroldanguerrero.com "-" "Mozilla/5.0 (Windows NT 10.0; Win64; x64) AppleWebKit/537.36 (KHTML, like Gecko) Chrome/63.0.3239.132 Safari/537.36" "-"
51.195.40.0 - - [20/Dec/2023:13:50:30 +0100] "GET /images/project/project-image04.gif HTTP/1.1" 200 20227161 josemroldanguerrero.com "-" "Mozilla/5.0 (Windows NT 10.0; Win64; x64) AppleWebKit/537.36 (KHTML, like Gecko) Chrome/63.0.3239.132 Safari/537.36" "-"
51.195.40.0 - - [20/Dec/2023:13:50:30 +0100] "GET /images/project/project-image04.gif HTTP/1.1" 200 20227161 josemroldanguerrero.com "-" "Mozilla/5.0 (Windows NT 10.0; Win64; x64) AppleWebKit/537.36 (KHTML, like Gecko) Chrome/63.0.3239.132 Safari/537.36" "-"
2001:41d0:700:: - - [20/Dec/2023:13:51:31 +0100] "GET /Practicas%20DAM23/Prueba%2031%20Resuelta%202/img/imagen-3.png HTTP/1.1" 200 1580081 josemroldanguerrero.com "-" "Mozilla/5.0 (Windows NT 6.1; WOW64) AppleWebKit/537.1 (KHTML, like Gecko) Chrome/21.0.1180.83 Safari/537.1" "-"
51.195.40.0 - - [20/Dec/2023:13:51:34 +0100] "GET /images/project/project-image05.png HTTP/1.1" 200 788131 josemroldanguerrero.com "-" "Mozilla/5.0 (Windows NT 10.0; Win64; x64) AppleWebKit/537.36 (KHTML, like Gecko) Chrome/63.0.3239.132 Safari/537.36" "-"
51.195.40.0 - - [20/Dec/2023:13:55:36 +0100] "GET /images/project/project-image05.png HTTP/1.1" 200 788131 josemroldanguerrero.com "-" "Mozilla/5.0 (Windows NT 10.0; Win64; x64) AppleWebKit/537.36 (KHTML, like Gecko) Chrome/63.0.3239.132 Safari/537.36" "-"
51.195.40.0 - - [20/Dec/2023:13:56:01 +0100] "GET /Practicas%20DAM23/index.html HTTP/1.1" 200 13310 josemroldanguerrero.com "-" "Mozilla/5.0 (Windows NT 10.0; Win64; x64) AppleWebKit/537.36 (KHTML, like Gecko) Chrome/63.0.3239.132 Safari/537.36" "-"
51.195.40.0 - - [20/Dec/2023:13:56:01 +0100] "GET /Practicas%20DAM23/index.html HTTP/1.1" 200 13310 josemroldanguerrero.com "-" "Mozilla/5.0 (Windows NT 10.0; Win64; x64) AppleWebKit/537.36 (KHTML, like Gecko) Chrome/63.0.3239.132 Safari/537.36" "-"
2001:41d0:700:: - - [20/Dec/2023:13:56:12 +0100] "GET /Practicas%20DAM23/Prueba%2031%20Resuelta%202/img/imagen-3.png HTTP/1.1" 200 1580081 josemroldanguerrero.com "-" "Mozilla/5.0 (Windows NT 6.1; WOW64) AppleWebKit/537.1 (KHTML, like Gecko) Chrome/21.0.1180.83 Safari/537.1" "-"
2001:41d0:700:: - - [20/Dec/2023:13:56:31 +0100] "GET /Practicas%20DAM23/Prueba%2031%20Resuelta%202/img/color/%F0%9F%A6%86%20icon%20_Ghost_.png HTTP/1.1" 200 22100 josemroldanguerrero.com "-" "Mozilla/5.0 (Windows NT 6.1; WOW64) AppleWebKit/537.1 (KHTML, like Gecko) Chrome/21.0.1180.83 Safari/537.1" "-"
51.195.40.0 - - [20/Dec/2023:13:56:55 +0100] "GET /css/owl.video.play.png HTTP/1.1" 300 554 josemroldanguerrero.com "-" "Mozilla/5.0 (Windows NT 10.0; Win64; x64) AppleWebKit/537.36 (KHTML, like Gecko) Chrome/63.0.3239.132 Safari/537.36" "-"
51.195.40.0 - - [20/Dec/2023:13:57:00 +0100] "GET /Practicas%20DAM23/Prueba%2027%20Resuelta/index.html HTTP/1.1" 200 4203 josemroldanguerrero.com "-" "Mozilla/5.0 (Windows NT 10.0; Win64; x64) AppleWebKit/537.36 (KHTML, like Gecko) Chrome/63.0.3239.132 Safari/537.36" "-"
51.195.40.0 - - [20/Dec/2023:13:57:04 +0100] "GET /Practicas%20DAM23/Prueba%2027%20Resuelta/index.html HTTP/1.1" 200 4203 josemroldanguerrero.com "-" "Mozilla/5.0 (Windows NT 10.0; Win64; x64) AppleWebKit/537.36 (KHTML, like Gecko) Chrome/63.0.3239.132 Safari/537.36" "-"
2001:41d0:700:: - - [20/Dec/2023:13:57:23 +0100] "GET /Practicas%20DAM23/Prueba%2031%20Resuelta%202/img/color/%F0%9F%A6%86%20icon%20_Ghost_.png HTTP/1.1" 200 22100 josemroldanguerrero.com "-" "Mozilla/5.0 (Windows NT 6.1; WOW64) AppleWebKit/537.1 (KHTML, like Gecko) Chrome/21.0.1180.83 Safari/537.1" "-"
51.195.40.0 - - [20/Dec/2023:13:57:35 +0100] "GET /Practicas%20DAM23/Ejercicio%2012%2029_09%20Formulario/formulario.html HTTP/1.1" 200 4994 josemroldanguerrero.com "-" "Mozilla/5.0 (Windows NT 10.0; Win64; x64) AppleWebKit/537.36 (KHTML, like Gecko) Chrome/63.0.3239.132 Safari/537.36" "-"
2001:41d0:700:: - - [20/Dec/2023:13:57:40 +0100] "GET /Practicas%20DAM23/Prueba%2031%20Resuelta%202/img/black/Vector-1%20white.png HTTP/1.1" 200 970 josemroldanguerrero.com "-" "Mozilla/5.0 (Windows NT 6.1; WOW64) AppleWebKit/537.1 (KHTML, like Gecko) Chrome/21.0.1180.83 Safari/537.1" "-"
51.195.40.0 - - [20/Dec/2023:13:57:50 +0100] "GET /Practicas%20DAM23/Ejercicio%2012%2029_09%20Formulario/formulario.html HTTP/1.1" 200 4994 josemroldanguerrero.com "-" "Mozilla/5.0 (Windows NT 10.0; Win64; x64) AppleWebKit/537.36 (KHTML, like Gecko) Chrome/63.0.3239.132 Safari/537.36" "-"
51.195.40.0 - - [20/Dec/2023:13:58:04 +0100] "GET /Practicas%20DAM23/Ejercicio%2014%2003_10%20insertar%20mapa/practica.html HTTP/1.1" 200 2433 josemroldanguerrero.com "-" "Mozilla/5.0 (Windows NT 10.0; Win64; x64) AppleWebKit/537.36 (KHTML, like Gecko) Chrome/63.0.3239.132 Safari/537.36" "-"
2001:41d0:700:: - - [20/Dec/2023:13:58:45 +0100] "GET /Practicas%20DAM23/Prueba%2031%20Resuelta%202/img/black/Vector-1%20white.png HTTP/1.1" 200 970 josemroldanguerrero.com "-" "Mozilla/5.0 (Windows NT 6.1; WOW64) AppleWebKit/537.1 (KHTML, like Gecko) Chrome/21.0.1180.83 Safari/537.1" "-"
2001:41d0:700:: - - [20/Dec/2023:13:59:08 +0100] "GET /Practicas%20DAM23/Prueba%2031%20Resuelta%202/img/color/Vector.png HTTP/1.1" 200 14249 josemroldanguerrero.com "-" "Mozilla/5.0 (Windows NT 6.1; WOW64) AppleWebKit/537.1 (KHTML, like Gecko) Chrome/21.0.1180.83 Safari/537.1" "-"
2001:41d0:700:: - - [20/Dec/2023:13:59:37 +0100] "GET /Practicas%20DAM23/Prueba%2031%20Resuelta%202/img/color/Vector.png HTTP/1.1" 200 14249 josemroldanguerrero.com "-" "Mozilla/5.0 (Windows NT 6.1; WOW64) AppleWebKit/537.1 (KHTML, like Gecko) Chrome/21.0.1180.83 Safari/537.1" "-"
2001:41d0:700:: - - [20/Dec/2023:14:00:00 +0100] "GET /Practicas%20DAM23/Prueba%2031%20Resuelta%202/img/social/%F0%9F%A6%86%20icon%20_rounded%20instagram_social-icons.png HTTP/1.1" 200 994 josemroldanguerrero.com "-" "Mozilla/5.0 (Windows NT 6.1; WOW64) AppleWebKit/537.1 (KHTML, like Gecko) Chrome/21.0.1180.83 Safari/537.1" "-"
51.195.40.0 - - [20/Dec/2023:14:00:06 +0100] "GET /Practicas%20DAM23/Ejercicio%2014%2003_10%20insertar%20mapa/practica.html HTTP/1.1" 200 2433 josemroldanguerrero.com "-" "Mozilla/5.0 (Windows NT 10.0; Win64; x64) AppleWebKit/537.36 (KHTML, like Gecko) Chrome/63.0.3239.132 Safari/537.36" "-"
2001:41d0:700:: - - [20/Dec/2023:14:00:29 +0100] "GET /Practicas%20DAM23/Prueba%2031%20Resuelta%202/img/social/%F0%9F%A6%86%20icon%20_rounded%20instagram_social-icons.png HTTP/1.1" 200 994 josemroldanguerrero.com "-" "Mozilla/5.0 (Windows NT 6.1; WOW64) AppleWebKit/537.1 (KHTML, like Gecko) Chrome/21.0.1180.83 Safari/537.1" "-"
2001:41d0:700:: - - [20/Dec/2023:14:00:39 +0100] "GET /Practicas%20DAM23/Prueba%2031%20Resuelta%202/img/social/%F0%9F%A6%86%20icon%20_rounded%20facebook_social-icons.png HTTP/1.1" 200 698 josemroldanguerrero.com "-" "Mozilla/5.0 (Windows NT 6.1; WOW64) AppleWebKit/537.1 (KHTML, like Gecko) Chrome/21.0.1180.83 Safari/537.1" "-"
51.195.40.0 - - [20/Dec/2023:14:00:42 +0100] "GET /Practicas%20DAM23/Ejercicio%2026%2003_10%20botones/botones.html HTTP/1.1" 200 1211 josemroldanguerrero.com "-" "Mozilla/5.0 (Windows NT 10.0; Win64; x64) AppleWebKit/537.36 (KHTML, like Gecko) Chrome/63.0.3239.132 Safari/537.36" "-"
51.195.40.0 - - [20/Dec/2023:14:00:58 +0100] "GET /Practicas%20DAM23/Ejercicio%2026%2003_10%20botones/botones.html HTTP/1.1" 200 1211 josemroldanguerrero.com "-" "Mozilla/5.0 (Windows NT 10.0; Win64; x64) AppleWebKit/537.36 (KHTML, like Gecko) Chrome/63.0.3239.132 Safari/537.36" "-"
2001:41d0:700:: - - [20/Dec/2023:14:01:14 +0100] "GET /Practicas%20DAM23/Prueba%2031%20Resuelta%202/img/social/%F0%9F%A6%86%20icon%20_rounded%20facebook_social-icons.png HTTP/1.1" 200 698 josemroldanguerrero.com "-" "Mozilla/5.0 (Windows NT 6.1; WOW64) AppleWebKit/537.1 (KHTML, like Gecko) Chrome/21.0.1180.83 Safari/537.1" "-"
2001:41d0:700:: - - [20/Dec/2023:14:01:14 +0100] "GET /Practicas%20DAM23/Prueba%2031%20Resuelta%202/img/social/%F0%9F%A6%86%20icon%20_rounded%20twitterbird_social-icons.png HTTP/1.1" 200 946 josemroldanguerrero.com "-" "Mozilla/5.0 (Windows NT 6.1; WOW64) AppleWebKit/537.1 (KHTML, like Gecko) Chrome/21.0.1180.83 Safari/537.1" "-"
2001:41d0:700:: - - [20/Dec/2023:14:01:31 +0100] "GET /Practicas%20DAM23/Prueba%2031%20Resuelta%202/img/social/%F0%9F%A6%86%20icon%20_rounded%20twitterbird_social-icons.png HTTP/1.1" 200 946 josemroldanguerrero.com "-" "Mozilla/5.0 (Windows NT 6.1; WOW64) AppleWebKit/537.1 (KHTML, like Gecko) Chrome/21.0.1180.83 Safari/537.1" "-"
51.195.40.0 - - [20/Dec/2023:14:01:51 +0100] "GET /Practicas%20DAM23/Prueba%2031%2002_10/Prueba%2031%20Resuelta/index.html HTTP/1.1" 200 9077 josemroldanguerrero.com "-" "Mozilla/5.0 (Windows NT 10.0; Win64; x64) AppleWebKit/537.36 (KHTML, like Gecko) Chrome/63.0.3239.132 Safari/537.36" "-"
2001:41d0:700:: - - [20/Dec/2023:14:02:13 +0100] "GET /Practicas%20DAM23/Prueba%2031%20Resuelta%202/img/social/%F0%9F%A6%86%20icon%20_rounded%20email_social-icons.png HTTP/1.1" 200 911 josemroldanguerrero.com "-" "Mozilla/5.0 (Windows NT 6.1; WOW64) AppleWebKit/537.1 (KHTML, like Gecko) Chrome/21.0.1180.83 Safari/537.1" "-"
51.195.40.0 - - [20/Dec/2023:14:02:18 +0100] "GET /Practicas%20DAM23/Prueba%2031%2002_10/Prueba%2031%20Resuelta/index.html HTTP/1.1" 200 9077 josemroldanguerrero.com "-" "Mozilla/5.0 (Windows NT 10.0; Win64; x64) AppleWebKit/537.36 (KHTML, like Gecko) Chrome/63.0.3239.132 Safari/537.36" "-"
51.195.40.0 - - [20/Dec/2023:14:02:58 +0100] "GET /Practicas%20DAM23/Prueba%2031%20Resuelta%202/index.html HTTP/1.1" 200 7593 josemroldanguerrero.com "-" "Mozilla/5.0 (Windows NT 10.0; Win64; x64) AppleWebKit/537.36 (KHTML, like Gecko) Chrome/63.0.3239.132 Safari/537.36" "-"
51.195.40.0 - - [20/Dec/2023:14:03:24 +0100] "GET /Practicas%20DAM23/Prueba%2031%20Resuelta%202/index.html HTTP/1.1" 200 7593 josemroldanguerrero.com "-" "Mozilla/5.0 (Windows NT 10.0; Win64; x64) AppleWebKit/537.36 (KHTML, like Gecko) Chrome/63.0.3239.132 Safari/537.36" "-"
51.195.40.0 - - [20/Dec/2023:14:03:57 +0100] "GET /Practicas%20DAM23/Ejercicios%20JavaScript/Prueba%201%2018_10/index.html HTTP/1.1" 200 5160 josemroldanguerrero.com "-" "Mozilla/5.0 (Windows NT 10.0; Win64; x64) AppleWebKit/537.36 (KHTML, like Gecko) Chrome/63.0.3239.132 Safari/537.36" "-"
51.195.40.0 - - [20/Dec/2023:14:04:07 +0100] "GET /Practicas%20DAM23/Ejercicios%20JavaScript/Prueba%201%2018_10/index.html HTTP/1.1" 200 5160 josemroldanguerrero.com "-" "Mozilla/5.0 (Windows NT 10.0; Win64; x64) AppleWebKit/537.36 (KHTML, like Gecko) Chrome/63.0.3239.132 Safari/537.36" "-"
51.195.40.0 - - [20/Dec/2023:14:04:14 +0100] "GET /Practicas%20DAM23/Ejercicios%20JavaScript/1Ejercicio1SaludoPersonalizado.html HTTP/1.1" 200 1237 josemroldanguerrero.com "-" "Mozilla/5.0 (Windows NT 10.0; Win64; x64) AppleWebKit/537.36 (KHTML, like Gecko) Chrome/63.0.3239.132 Safari/537.36" "-"
51.195.40.0 - - [20/Dec/2023:14:04:24 +0100] "GET /Practicas%20DAM23/Ejercicios%20JavaScript/1Ejercicio1SaludoPersonalizado.html HTTP/1.1" 200 1237 josemroldanguerrero.com "-" "Mozilla/5.0 (Windows NT 10.0; Win64; x64) AppleWebKit/537.36 (KHTML, like Gecko) Chrome/63.0.3239.132 Safari/537.36" "-"
2001:41d0:700:: - - [20/Dec/2023:14:04:30 +0100] "GET /Practicas%20DAM23/Prueba%2031%20Resuelta%202/img/social/%F0%9F%A6%86%20icon%20_rounded%20email_social-icons.png HTTP/1.1" 200 911 josemroldanguerrero.com "-" "Mozilla/5.0 (Windows NT 6.1; WOW64) AppleWebKit/537.1 (KHTML, like Gecko) Chrome/21.0.1180.83 Safari/537.1" "-"
2001:41d0:700:: - - [20/Dec/2023:14:04:30 +0100] "GET /Practicas%20DAM23/Prueba%2031%20Resuelta%202/img/social/%F0%9F%A6%86%20icon%20_rounded%20linkedin_social-icons.png HTTP/1.1" 200 812 josemroldanguerrero.com "-" "Mozilla/5.0 (Windows NT 6.1; WOW64) AppleWebKit/537.1 (KHTML, like Gecko) Chrome/21.0.1180.83 Safari/537.1" "-"
51.195.40.0 - - [20/Dec/2023:14:04:33 +0100] "GET /Practicas%20DAM23/Ejercicios%20JavaScript/2Ejercicio2ElegirUnaOpcion.html HTTP/1.1" 200 1001 josemroldanguerrero.com "-" "Mozilla/5.0 (Windows NT 10.0; Win64; x64) AppleWebKit/537.36 (KHTML, like Gecko) Chrome/63.0.3239.132 Safari/537.36" "-"
51.195.40.0 - - [20/Dec/2023:14:04:53 +0100] "GET /Practicas%20DAM23/Ejercicios%20JavaScript/2Ejercicio2ElegirUnaOpcion.html HTTP/1.1" 200 1001 josemroldanguerrero.com "-" "Mozilla/5.0 (Windows NT 10.0; Win64; x64) AppleWebKit/537.36 (KHTML, like Gecko) Chrome/63.0.3239.132 Safari/537.36" "-"
51.195.40.0 - - [20/Dec/2023:14:05:03 +0100] "GET /Practicas%20DAM23/Ejercicios%20JavaScript/3Ejercicio3DejaUnComentario.html HTTP/1.1" 200 954 josemroldanguerrero.com "-" "Mozilla/5.0 (Windows NT 10.0; Win64; x64) AppleWebKit/537.36 (KHTML, like Gecko) Chrome/63.0.3239.132 Safari/537.36" "-"
51.195.40.0 - - [20/Dec/2023:14:05:11 +0100] "GET /Practicas%20DAM23/Ejercicios%20JavaScript/3Ejercicio3DejaUnComentario.html HTTP/1.1" 200 954 josemroldanguerrero.com "-" "Mozilla/5.0 (Windows NT 10.0; Win64; x64) AppleWebKit/537.36 (KHTML, like Gecko) Chrome/63.0.3239.132 Safari/537.36" "-"
51.195.40.0 - - [20/Dec/2023:14:09:06 +0100] "GET /Practicas%20DAM23/Ejercicios%20JavaScript/5Ejercicio92ValidacionContrase%C3%B1a.html HTTP/1.1" 200 1042 josemroldanguerrero.com "-" "Mozilla/5.0 (Windows NT 10.0; Win64; x64) AppleWebKit/537.36 (KHTML, like Gecko) Chrome/63.0.3239.132 Safari/537.36" "-"
51.195.40.0 - - [20/Dec/2023:14:09:15 +0100] "GET /Practicas%20DAM23/Ejercicios%20JavaScript/5Ejercicio92ValidacionContrase%C3%B1a.html HTTP/1.1" 200 1042 josemroldanguerrero.com "-" "Mozilla/5.0 (Windows NT 10.0; Win64; x64) AppleWebKit/537.36 (KHTML, like Gecko) Chrome/63.0.3239.132 Safari/537.36" "-"
2001:41d0:700:: - - [20/Dec/2023:14:09:17 +0100] "GET /Practicas%20DAM23/Prueba%2031%20Resuelta%202/img/social/%F0%9F%A6%86%20icon%20_rounded%20linkedin_social-icons.png HTTP/1.1" 200 812 josemroldanguerrero.com "-" "Mozilla/5.0 (Windows NT 6.1; WOW64) AppleWebKit/537.1 (KHTML, like Gecko) Chrome/21.0.1180.83 Safari/537.1" "-"
2001:41d0:700:: - - [20/Dec/2023:14:09:19 +0100] "GET /Practicas%20DAM23/Ejercicios%20JavaScript/Prueba%201%2018_10/img/favi.webp HTTP/1.1" 200 19962 josemroldanguerrero.com "-" "Mozilla/5.0 (Windows NT 6.1; WOW64) AppleWebKit/537.1 (KHTML, like Gecko) Chrome/21.0.1180.83 Safari/537.1" "-"
2001:41d0:700:: - - [20/Dec/2023:14:09:24 +0100] "GET /Practicas%20DAM23/Ejercicios%20JavaScript/Prueba%201%2018_10/img/favi.webp HTTP/1.1" 200 19962 josemroldanguerrero.com "-" "Mozilla/5.0 (Windows NT 6.1; WOW64) AppleWebKit/537.1 (KHTML, like Gecko) Chrome/21.0.1180.83 Safari/537.1" "-"
51.195.40.0 - - [20/Dec/2023:14:09:31 +0100] "GET /Practicas%20DAM23/Ejercicios%20JavaScript/6Ejercicio93ClasificacionDeNumeros.html HTTP/1.1" 200 1055 josemroldanguerrero.com "-" "Mozilla/5.0 (Windows NT 10.0; Win64; x64) AppleWebKit/537.36 (KHTML, like Gecko) Chrome/63.0.3239.132 Safari/537.36" "-"
2001:41d0:700:: - - [20/Dec/2023:14:09:55 +0100] "GET /Practicas%20DAM23/Ejercicios%20JavaScript/Prueba%201%2018_10/pag2.html HTTP/1.1" 200 18195 josemroldanguerrero.com "-" "Mozilla/5.0 (Windows NT 6.1; WOW64) AppleWebKit/537.1 (KHTML, like Gecko) Chrome/21.0.1180.83 Safari/537.1" "-"
2001:41d0:700:: - - [20/Dec/2023:14:10:13 +0100] "GET /Practicas%20DAM23/Ejercicios%20JavaScript/Prueba%201%2018_10/pag2.html HTTP/1.1" 200 18195 josemroldanguerrero.com "-" "Mozilla/5.0 (Windows NT 6.1; WOW64) AppleWebKit/537.1 (KHTML, like Gecko) Chrome/21.0.1180.83 Safari/537.1" "-"
51.195.40.0 - - [20/Dec/2023:14:10:33 +0100] "GET /Practicas%20DAM23/Ejercicios%20JavaScript/6Ejercicio93ClasificacionDeNumeros.html HTTP/1.1" 200 1055 josemroldanguerrero.com "-" "Mozilla/5.0 (Windows NT 10.0; Win64; x64) AppleWebKit/537.36 (KHTML, like Gecko) Chrome/63.0.3239.132 Safari/537.36" "-"
2001:41d0:700:: - - [20/Dec/2023:14:10:40 +0100] "GET /Practicas%20DAM23/Ejercicios%20JavaScript/Prueba%201%2018_10/img/imagen1.webp HTTP/1.1" 200 37732 josemroldanguerrero.com "-" "Mozilla/5.0 (Windows NT 6.1; WOW64) AppleWebKit/537.1 (KHTML, like Gecko) Chrome/21.0.1180.83 Safari/537.1" "-"
51.195.40.0 - - [20/Dec/2023:14:11:07 +0100] "GET /Practicas%20DAM23/Ejercicios%20JavaScript/7Ejercicio101ConvinacionCondiciones.html HTTP/1.1" 200 1202 josemroldanguerrero.com "-" "Mozilla/5.0 (Windows NT 10.0; Win64; x64) AppleWebKit/537.36 (KHTML, like Gecko) Chrome/63.0.3239.132 Safari/537.36" "-"
51.195.40.0 - - [20/Dec/2023:14:11:28 +0100] "GET /Practicas%20DAM23/Ejercicios%20JavaScript/7Ejercicio101ConvinacionCondiciones.html HTTP/1.1" 200 1202 josemroldanguerrero.com "-" "Mozilla/5.0 (Windows NT 10.0; Win64; x64) AppleWebKit/537.36 (KHTML, like Gecko) Chrome/63.0.3239.132 Safari/537.36" "-"
51.195.40.0 - - [20/Dec/2023:14:11:28 +0100] "GET /Practicas%20DAM23/Ejercicios%20JavaScript/8Ejercicio102EvaluacionNotas.html HTTP/1.1" 200 1552 josemroldanguerrero.com "-" "Mozilla/5.0 (Windows NT 10.0; Win64; x64) AppleWebKit/537.36 (KHTML, like Gecko) Chrome/63.0.3239.132 Safari/537.36" "-"
2001:41d0:700:: - - [20/Dec/2023:14:11:46 +0100] "GET /Practicas%20DAM23/Ejercicios%20JavaScript/Prueba%201%2018_10/img/imagen1.webp HTTP/1.1" 200 37732 josemroldanguerrero.com "-" "Mozilla/5.0 (Windows NT 6.1; WOW64) AppleWebKit/537.1 (KHTML, like Gecko) Chrome/21.0.1180.83 Safari/537.1" "-"
51.195.40.0 - - [20/Dec/2023:14:11:54 +0100] "GET /Practicas%20DAM23/Ejercicios%20JavaScript/8Ejercicio102EvaluacionNotas.html HTTP/1.1" 200 1552 josemroldanguerrero.com "-" "Mozilla/5.0 (Windows NT 10.0; Win64; x64) AppleWebKit/537.36 (KHTML, like Gecko) Chrome/63.0.3239.132 Safari/537.36" "-"
51.195.40.0 - - [20/Dec/2023:14:12:36 +0100] "GET /Practicas%20DAM23/Ejercicios%20JavaScript/9Ejercicio103VerificacionDoble.html HTTP/1.1" 200 1502 josemroldanguerrero.com "-" "Mozilla/5.0 (Windows NT 10.0; Win64; x64) AppleWebKit/537.36 (KHTML, like Gecko) Chrome/63.0.3239.132 Safari/537.36" "-"
51.195.40.0 - - [20/Dec/2023:14:12:46 +0100] "GET /Practicas%20DAM23/Ejercicios%20JavaScript/9Ejercicio103VerificacionDoble.html HTTP/1.1" 200 1502 josemroldanguerrero.com "-" "Mozilla/5.0 (Windows NT 10.0; Win64; x64) AppleWebKit/537.36 (KHTML, like Gecko) Chrome/63.0.3239.132 Safari/537.36" "-"
51.195.40.0 - - [20/Dec/2023:14:13:55 +0100] "GET /Practicas%20DAM23/Ejercicios%20JavaScript/10Ejercicio104Notificaciones.html HTTP/1.1" 200 970 josemroldanguerrero.com "-" "Mozilla/5.0 (Windows NT 10.0; Win64; x64) AppleWebKit/537.36 (KHTML, like Gecko) Chrome/63.0.3239.132 Safari/537.36" "-"
51.195.40.0 - - [20/Dec/2023:14:14:27 +0100] "GET /Practicas%20DAM23/Ejercicios%20JavaScript/10Ejercicio104Notificaciones.html HTTP/1.1" 200 970 josemroldanguerrero.com "-" "Mozilla/5.0 (Windows NT 10.0; Win64; x64) AppleWebKit/537.36 (KHTML, like Gecko) Chrome/63.0.3239.132 Safari/537.36" "-"
51.195.40.0 - - [20/Dec/2023:14:14:58 +0100] "GET /Practicas%20DAM23/Ejercicios%20JavaScript/11Ejercicio11BucleFor.html HTTP/1.1" 200 927 josemroldanguerrero.com "-" "Mozilla/5.0 (Windows NT 10.0; Win64; x64) AppleWebKit/537.36 (KHTML, like Gecko) Chrome/63.0.3239.132 Safari/537.36" "-"
139.162.60.0 - - [20/Dec/2023:14:15:18 +0100] "GET / HTTP/1.1" 200 14962 josemroldanguerrero.com "-" "Mozilla/5.0 (Windows NT 10.0; Win64; x64) AppleWebKit/537.36 (KHTML, like Gecko) Chrome/95.0.4638.69 Safari/537.36" "-"
139.162.60.0 - - [20/Dec/2023:14:15:18 +0100] "GET /wp-includes/ID3/license.txt HTTP/1.1" 404 596 josemroldanguerrero.com "-" "Mozilla/5.0 (Windows NT 10.0; Win64; x64) AppleWebKit/537.36 (KHTML, like Gecko) Chrome/95.0.4638.69 Safari/537.36" "-"
139.162.60.0 - - [20/Dec/2023:14:15:19 +0100] "GET /feed/ HTTP/1.1" 404 596 josemroldanguerrero.com "-" "Mozilla/5.0 (Windows NT 10.0; Win64; x64) AppleWebKit/537.36 (KHTML, like Gecko) Chrome/95.0.4638.69 Safari/537.36" "-"
139.162.60.0 - - [20/Dec/2023:14:15:19 +0100] "GET /xmlrpc.php?rsd HTTP/1.1" 404 596 josemroldanguerrero.com "-" "Mozilla/5.0 (Windows NT 10.0; Win64; x64) AppleWebKit/537.36 (KHTML, like Gecko) Chrome/95.0.4638.69 Safari/537.36" "-"
139.162.60.0 - - [20/Dec/2023:14:15:19 +0100] "GET /blog/wp-includes/wlwmanifest.xml HTTP/1.1" 404 596 josemroldanguerrero.com "-" "Mozilla/5.0 (Windows NT 10.0; Win64; x64) AppleWebKit/537.36 (KHTML, like Gecko) Chrome/95.0.4638.69 Safari/537.36" "-"
139.162.60.0 - - [20/Dec/2023:14:15:19 +0100] "GET /web/wp-includes/wlwmanifest.xml HTTP/1.1" 404 596 josemroldanguerrero.com "-" "Mozilla/5.0 (Windows NT 10.0; Win64; x64) AppleWebKit/537.36 (KHTML, like Gecko) Chrome/95.0.4638.69 Safari/537.36" "-"
139.162.60.0 - - [20/Dec/2023:14:15:20 +0100] "GET /wordpress/wp-includes/wlwmanifest.xml HTTP/1.1" 404 596 josemroldanguerrero.com "-" "Mozilla/5.0 (Windows NT 10.0; Win64; x64) AppleWebKit/537.36 (KHTML, like Gecko) Chrome/95.0.4638.69 Safari/537.36" "-"
139.162.60.0 - - [20/Dec/2023:14:15:20 +0100] "GET /wp/wp-includes/wlwmanifest.xml HTTP/1.1" 404 596 josemroldanguerrero.com "-" "Mozilla/5.0 (Windows NT 10.0; Win64; x64) AppleWebKit/537.36 (KHTML, like Gecko) Chrome/95.0.4638.69 Safari/537.36" "-"
139.162.60.0 - - [20/Dec/2023:14:15:20 +0100] "GET /2020/wp-includes/wlwmanifest.xml HTTP/1.1" 404 596 josemroldanguerrero.com "-" "Mozilla/5.0 (Windows NT 10.0; Win64; x64) AppleWebKit/537.36 (KHTML, like Gecko) Chrome/95.0.4638.69 Safari/537.36" "-"
139.162.60.0 - - [20/Dec/2023:14:15:20 +0100] "GET /2019/wp-includes/wlwmanifest.xml HTTP/1.1" 404 596 josemroldanguerrero.com "-" "Mozilla/5.0 (Windows NT 10.0; Win64; x64) AppleWebKit/537.36 (KHTML, like Gecko) Chrome/95.0.4638.69 Safari/537.36" "-"
139.162.60.0 - - [20/Dec/2023:14:15:21 +0100] "GET /2021/wp-includes/wlwmanifest.xml HTTP/1.1" 404 596 josemroldanguerrero.com "-" "Mozilla/5.0 (Windows NT 10.0; Win64; x64) AppleWebKit/537.36 (KHTML, like Gecko) Chrome/95.0.4638.69 Safari/537.36" "-"
139.162.60.0 - - [20/Dec/2023:14:15:21 +0100] "GET /shop/wp-includes/wlwmanifest.xml HTTP/1.1" 404 596 josemroldanguerrero.com "-" "Mozilla/5.0 (Windows NT 10.0; Win64; x64) AppleWebKit/537.36 (KHTML, like Gecko) Chrome/95.0.4638.69 Safari/537.36" "-"
139.162.60.0 - - [20/Dec/2023:14:15:21 +0100] "GET /wp1/wp-includes/wlwmanifest.xml HTTP/1.1" 404 596 josemroldanguerrero.com "-" "Mozilla/5.0 (Windows NT 10.0; Win64; x64) AppleWebKit/537.36 (KHTML, like Gecko) Chrome/95.0.4638.69 Safari/537.36" "-"
139.162.60.0 - - [20/Dec/2023:14:15:21 +0100] "GET /test/wp-includes/wlwmanifest.xml HTTP/1.1" 404 596 josemroldanguerrero.com "-" "Mozilla/5.0 (Windows NT 10.0; Win64; x64) AppleWebKit/537.36 (KHTML, like Gecko) Chrome/95.0.4638.69 Safari/537.36" "-"
139.162.60.0 - - [20/Dec/2023:14:15:22 +0100] "GET /site/wp-includes/wlwmanifest.xml HTTP/1.1" 404 596 josemroldanguerrero.com "-" "Mozilla/5.0 (Windows NT 10.0; Win64; x64) AppleWebKit/537.36 (KHTML, like Gecko) Chrome/95.0.4638.69 Safari/537.36" "-"
139.162.60.0 - - [20/Dec/2023:14:15:22 +0100] "GET /cms/wp-includes/wlwmanifest.xml HTTP/1.1" 301 270 josemroldanguerrero.com "-" "Mozilla/5.0 (Windows NT 10.0; Win64; x64) AppleWebKit/537.36 (KHTML, like Gecko) Chrome/95.0.4638.69 Safari/537.36" "-"
51.195.40.0 - - [20/Dec/2023:14:15:39 +0100] "GET /Practicas%20DAM23/Ejercicios%20JavaScript/11Ejercicio11BucleFor.html HTTP/1.1" 200 927 josemroldanguerrero.com "-" "Mozilla/5.0 (Windows NT 10.0; Win64; x64) AppleWebKit/537.36 (KHTML, like Gecko) Chrome/63.0.3239.132 Safari/537.36" "-"
2001:41d0:700:: - - [20/Dec/2023:14:16:15 +0100] "GET /Practicas%20DAM23/Ejercicios%20JavaScript/Prueba%201%2018_10/img/imagen3.webp HTTP/1.1" 200 40914 josemroldanguerrero.com "-" "Mozilla/5.0 (Windows NT 6.1; WOW64) AppleWebKit/537.1 (KHTML, like Gecko) Chrome/21.0.1180.83 Safari/537.1" "-"
2001:41d0:700:: - - [20/Dec/2023:14:16:17 +0100] "GET /Practicas%20DAM23/Ejercicios%20JavaScript/Prueba%201%2018_10/img/imagen3.webp HTTP/1.1" 200 40914 josemroldanguerrero.com "-" "Mozilla/5.0 (Windows NT 6.1; WOW64) AppleWebKit/537.1 (KHTML, like Gecko) Chrome/21.0.1180.83 Safari/537.1" "-"
51.195.40.0 - - [20/Dec/2023:14:16:46 +0100] "GET /Practicas%20DAM23/Ejercicios%20JavaScript/12Ejercicio121BucleWhile.html HTTP/1.1" 200 1031 josemroldanguerrero.com "-" "Mozilla/5.0 (Windows NT 10.0; Win64; x64) AppleWebKit/537.36 (KHTML, like Gecko) Chrome/63.0.3239.132 Safari/537.36" "-"
2001:41d0:700:: - - [20/Dec/2023:14:16:56 +0100] "GET /Practicas%20DAM23/MySQL/Ejercicio%201/Ejercicio2.png HTTP/1.1" 200 16981 josemroldanguerrero.com "-" "Mozilla/5.0 (Windows NT 6.1; WOW64) AppleWebKit/537.1 (KHTML, like Gecko) Chrome/21.0.1180.83 Safari/537.1" "-"
173.249.33.0 - - [20/Dec/2023:14:17:17 +0100] "GET / HTTP/1.1" 200 14962 josemroldanguerrero.com "-" "Python/3.6 aiohttp/3.5.4" "-"
2001:41d0:700:: - - [20/Dec/2023:14:18:45 +0100] "GET /Practicas%20DAM23/MySQL/Ejercicio%201/Ejercicio2.png HTTP/1.1" 200 16981 josemroldanguerrero.com "-" "Mozilla/5.0 (Windows NT 6.1; WOW64) AppleWebKit/537.1 (KHTML, like Gecko) Chrome/21.0.1180.83 Safari/537.1" "-"
51.195.40.0 - - [20/Dec/2023:14:19:05 +0100] "GET /Practicas%20DAM23/Ejercicios%20JavaScript/12Ejercicio121BucleWhile.html HTTP/1.1" 200 1031 josemroldanguerrero.com "-" "Mozilla/5.0 (Windows NT 10.0; Win64; x64) AppleWebKit/537.36 (KHTML, like Gecko) Chrome/63.0.3239.132 Safari/537.36" "-"
51.195.40.0 - - [20/Dec/2023:14:19:10 +0100] "GET /Practicas%20DAM23/Ejercicios%20JavaScript/13Ejercicio122BucleWhile2.html HTTP/1.1" 200 2162 josemroldanguerrero.com "-" "Mozilla/5.0 (Windows NT 10.0; Win64; x64) AppleWebKit/537.36 (KHTML, like Gecko) Chrome/63.0.3239.132 Safari/537.36" "-"
2001:41d0:700:: - - [20/Dec/2023:14:19:13 +0100] "GET /Practicas%20DAM23/MySQL/Ejercicio%201/Ejercicio3.png HTTP/1.1" 200 27711 josemroldanguerrero.com "-" "Mozilla/5.0 (Windows NT 6.1; WOW64) AppleWebKit/537.1 (KHTML, like Gecko) Chrome/21.0.1180.83 Safari/537.1" "-"
51.195.40.0 - - [20/Dec/2023:14:19:23 +0100] "GET /Practicas%20DAM23/Ejercicios%20JavaScript/13Ejercicio122BucleWhile2.html HTTP/1.1" 200 2162 josemroldanguerrero.com "-" "Mozilla/5.0 (Windows NT 10.0; Win64; x64) AppleWebKit/537.36 (KHTML, like Gecko) Chrome/63.0.3239.132 Safari/537.36" "-"
51.195.40.0 - - [20/Dec/2023:14:19:38 +0100] "GET /Practicas%20DAM23/Ejercicios%20JavaScript/14Ejercicio15Funciones.html HTTP/1.1" 200 2463 josemroldanguerrero.com "-" "Mozilla/5.0 (Windows NT 10.0; Win64; x64) AppleWebKit/537.36 (KHTML, like Gecko) Chrome/63.0.3239.132 Safari/537.36" "-"
51.195.40.0 - - [20/Dec/2023:14:19:48 +0100] "GET /Practicas%20DAM23/Ejercicios%20JavaScript/14Ejercicio15Funciones.html HTTP/1.1" 200 2463 josemroldanguerrero.com "-" "Mozilla/5.0 (Windows NT 10.0; Win64; x64) AppleWebKit/537.36 (KHTML, like Gecko) Chrome/63.0.3239.132 Safari/537.36" "-"
2001:41d0:700:: - - [20/Dec/2023:14:19:56 +0100] "GET /Practicas%20DAM23/MySQL/Ejercicio%201/Ejercicio3.png HTTP/1.1" 200 27711 josemroldanguerrero.com "-" "Mozilla/5.0 (Windows NT 6.1; WOW64) AppleWebKit/537.1 (KHTML, like Gecko) Chrome/21.0.1180.83 Safari/537.1" "-"
51.195.40.0 - - [20/Dec/2023:14:20:07 +0100] "GET /Practicas%20DAM23/Ejercicios%20JavaScript/15EjemploArrows.html HTTP/1.1" 200 3153 josemroldanguerrero.com "-" "Mozilla/5.0 (Windows NT 10.0; Win64; x64) AppleWebKit/537.36 (KHTML, like Gecko) Chrome/63.0.3239.132 Safari/537.36" "-"
51.195.40.0 - - [20/Dec/2023:14:20:53 +0100] "GET /Practicas%20DAM23/Ejercicios%20JavaScript/15EjemploArrows.html HTTP/1.1" 200 3153 josemroldanguerrero.com "-" "Mozilla/5.0 (Windows NT 10.0; Win64; x64) AppleWebKit/537.36 (KHTML, like Gecko) Chrome/63.0.3239.132 Safari/537.36" "-"
51.195.40.0 - - [20/Dec/2023:14:21:16 +0100] "GET /Practicas%20DAM23/Ejercicios%20JavaScript/16MenuHamburgesa.html HTTP/1.1" 200 3180 josemroldanguerrero.com "-" "Mozilla/5.0 (Windows NT 10.0; Win64; x64) AppleWebKit/537.36 (KHTML, like Gecko) Chrome/63.0.3239.132 Safari/537.36" "-"
51.195.40.0 - - [20/Dec/2023:14:21:29 +0100] "GET /Practicas%20DAM23/Ejercicios%20JavaScript/16MenuHamburgesa.html HTTP/1.1" 200 3180 josemroldanguerrero.com "-" "Mozilla/5.0 (Windows NT 10.0; Win64; x64) AppleWebKit/537.36 (KHTML, like Gecko) Chrome/63.0.3239.132 Safari/537.36" "-"
51.195.40.0 - - [20/Dec/2023:14:21:47 +0100] "GET /Practicas%20DAM23/MySQL/Ejercicio%201/Ejercicio1MySQL.html HTTP/1.1" 200 6275 josemroldanguerrero.com "-" "Mozilla/5.0 (Windows NT 10.0; Win64; x64) AppleWebKit/537.36 (KHTML, like Gecko) Chrome/63.0.3239.132 Safari/537.36" "-"
51.195.40.0 - - [20/Dec/2023:14:22:21 +0100] "GET /Practicas%20DAM23/MySQL/Ejercicio%201/Ejercicio1MySQL.html HTTP/1.1" 200 6275 josemroldanguerrero.com "-" "Mozilla/5.0 (Windows NT 10.0; Win64; x64) AppleWebKit/537.36 (KHTML, like Gecko) Chrome/63.0.3239.132 Safari/537.36" "-"
51.195.40.0 - - [20/Dec/2023:14:22:41 +0100] "GET /Practicas%20DAM23/MySQL/Ejercicios%20Base%20datos/PracticaBd1.html HTTP/1.1" 200 12422 josemroldanguerrero.com "-" "Mozilla/5.0 (Windows NT 10.0; Win64; x64) AppleWebKit/537.36 (KHTML, like Gecko) Chrome/63.0.3239.132 Safari/537.36" "-"
2001:41d0:700:: - - [20/Dec/2023:14:23:05 +0100] "GET /Practicas%20DAM23/MySQL/Ejercicio%201/Ejercicio5.png HTTP/1.1" 200 72347 josemroldanguerrero.com "-" "Mozilla/5.0 (Windows NT 6.1; WOW64) AppleWebKit/537.1 (KHTML, like Gecko) Chrome/21.0.1180.83 Safari/537.1" "-"
51.195.40.0 - - [20/Dec/2023:14:23:10 +0100] "GET /Practicas%20DAM23/MySQL/Ejercicios%20Base%20datos/PracticaBd1.html HTTP/1.1" 200 12422 josemroldanguerrero.com "-" "Mozilla/5.0 (Windows NT 10.0; Win64; x64) AppleWebKit/537.36 (KHTML, like Gecko) Chrome/63.0.3239.132 Safari/537.36" "-"
2001:41d0:700:: - - [20/Dec/2023:14:23:11 +0100] "GET /Practicas%20DAM23/MySQL/Ejercicio%201/Ejercicio5.png HTTP/1.1" 200 72347 josemroldanguerrero.com "-" "Mozilla/5.0 (Windows NT 6.1; WOW64) AppleWebKit/537.1 (KHTML, like Gecko) Chrome/21.0.1180.83 Safari/537.1" "-"
2001:41d0:700:: - - [20/Dec/2023:14:23:12 +0100] "GET /Practicas%20DAM23/MySQL/Ejercicio%201/Ejercicio6.png HTTP/1.1" 200 68391 josemroldanguerrero.com "-" "Mozilla/5.0 (Windows NT 6.1; WOW64) AppleWebKit/537.1 (KHTML, like Gecko) Chrome/21.0.1180.83 Safari/537.1" "-"
2001:41d0:700:: - - [20/Dec/2023:14:23:35 +0100] "GET /Practicas%20DAM23/MySQL/Ejercicio%201/Ejercicio6.png HTTP/1.1" 200 68391 josemroldanguerrero.com "-" "Mozilla/5.0 (Windows NT 6.1; WOW64) AppleWebKit/537.1 (KHTML, like Gecko) Chrome/21.0.1180.83 Safari/537.1" "-"
2001:41d0:700:: - - [20/Dec/2023:14:23:40 +0100] "GET /Practicas%20DAM23/MySQL/Ejercicio%201/Ejercicio7.png HTTP/1.1" 200 72973 josemroldanguerrero.com "-" "Mozilla/5.0 (Windows NT 6.1; WOW64) AppleWebKit/537.1 (KHTML, like Gecko) Chrome/21.0.1180.83 Safari/537.1" "-"
51.195.40.0 - - [20/Dec/2023:14:24:49 +0100] "GET /Practicas%20DAM23/Ejercicios%20PHP/Ejercicio%201%20Web/index.php HTTP/1.1" 200 1307 josemroldanguerrero.com "-" "Mozilla/5.0 (Windows NT 10.0; Win64; x64) AppleWebKit/537.36 (KHTML, like Gecko) Chrome/63.0.3239.132 Safari/537.36" "-"
2001:41d0:700:: - - [20/Dec/2023:14:25:22 +0100] "GET /Practicas%20DAM23/MySQL/Ejercicio%201/Ejercicio7.png HTTP/1.1" 200 72973 josemroldanguerrero.com "-" "Mozilla/5.0 (Windows NT 6.1; WOW64) AppleWebKit/537.1 (KHTML, like Gecko) Chrome/21.0.1180.83 Safari/537.1" "-"
2001:41d0:700:: - - [20/Dec/2023:14:25:31 +0100] "GET /Practicas%20DAM23/MySQL/Ejercicio%201/Ejercicio8.png HTTP/1.1" 200 149062 josemroldanguerrero.com "-" "Mozilla/5.0 (Windows NT 6.1; WOW64) AppleWebKit/537.1 (KHTML, like Gecko) Chrome/21.0.1180.83 Safari/537.1" "-"
51.195.40.0 - - [20/Dec/2023:14:25:40 +0100] "GET /Practicas%20DAM23/Ejercicios%20PHP/Ejercicio%201%20Web/index.php HTTP/1.1" 200 1307 josemroldanguerrero.com "-" "Mozilla/5.0 (Windows NT 10.0; Win64; x64) AppleWebKit/537.36 (KHTML, like Gecko) Chrome/63.0.3239.132 Safari/537.36" "-"
2001:41d0:700:: - - [20/Dec/2023:14:29:07 +0100] "GET /Practicas%20DAM23/MySQL/Ejercicio%201/Ejercicio8.png HTTP/1.1" 200 149062 josemroldanguerrero.com "-" "Mozilla/5.0 (Windows NT 6.1; WOW64) AppleWebKit/537.1 (KHTML, like Gecko) Chrome/21.0.1180.83 Safari/537.1" "-"
51.195.40.0 - - [20/Dec/2023:14:29:07 +0100] "GET /Practicas%20DAM23/Ejemplo%20Bootstrap/Plantilla%201/Agency-gh-pages-modificado/index.html HTTP/1.1" 200 39733 josemroldanguerrero.com "-" "Mozilla/5.0 (Windows NT 10.0; Win64; x64) AppleWebKit/537.36 (KHTML, like Gecko) Chrome/63.0.3239.132 Safari/537.36" "-"
51.195.40.0 - - [20/Dec/2023:14:29:09 +0100] "GET /Practicas%20DAM23/Ejemplo%20Bootstrap/Plantilla%201/Agency-gh-pages-modificado/index.html HTTP/1.1" 200 39733 josemroldanguerrero.com "-" "Mozilla/5.0 (Windows NT 10.0; Win64; x64) AppleWebKit/537.36 (KHTML, like Gecko) Chrome/63.0.3239.132 Safari/537.36" "-"
51.195.40.0 - - [20/Dec/2023:14:29:19 +0100] "GET /Practicas%20DAM23/Ejemplo%20Bootstrap/Plantilla%202/MyPortfolio-original/index.html HTTP/1.1" 200 14287 josemroldanguerrero.com "-" "Mozilla/5.0 (Windows NT 10.0; Win64; x64) AppleWebKit/537.36 (KHTML, like Gecko) Chrome/63.0.3239.132 Safari/537.36" "-"
51.195.40.0 - - [20/Dec/2023:14:29:29 +0100] "GET /Practicas%20DAM23/Ejemplo%20Bootstrap/Plantilla%202/MyPortfolio-original/index.html HTTP/1.1" 200 14287 josemroldanguerrero.com "-" "Mozilla/5.0 (Windows NT 10.0; Win64; x64) AppleWebKit/537.36 (KHTML, like Gecko) Chrome/63.0.3239.132 Safari/537.36" "-"
2001:41d0:700:: - - [20/Dec/2023:14:29:39 +0100] "GET /Practicas%20DAM23/MySQL/Ejercicios%20Base%20datos/img/practica1.png HTTP/1.1" 200 73455 josemroldanguerrero.com "-" "Mozilla/5.0 (Windows NT 6.1; WOW64) AppleWebKit/537.1 (KHTML, like Gecko) Chrome/21.0.1180.83 Safari/537.1" "-"
2001:41d0:700:: - - [20/Dec/2023:14:29:59 +0100] "GET /Practicas%20DAM23/MySQL/Ejercicios%20Base%20datos/img/practica1.png HTTP/1.1" 200 73455 josemroldanguerrero.com "-" "Mozilla/5.0 (Windows NT 6.1; WOW64) AppleWebKit/537.1 (KHTML, like Gecko) Chrome/21.0.1180.83 Safari/537.1" "-"
51.195.40.0 - - [20/Dec/2023:14:30:04 +0100] "GET /Practicas%20DAM23/Ejemplo%20Bootstrap/Plantilla%202/MyPortfolio-modificado/index.html HTTP/1.1" 200 13919 josemroldanguerrero.com "-" "Mozilla/5.0 (Windows NT 10.0; Win64; x64) AppleWebKit/537.36 (KHTML, like Gecko) Chrome/63.0.3239.132 Safari/537.36" "-"
2001:41d0:700:: - - [20/Dec/2023:14:30:34 +0100] "GET /Practicas%20DAM23/MySQL/Ejercicios%20Base%20datos/img/practica2.png HTTP/1.1" 200 112025 josemroldanguerrero.com "-" "Mozilla/5.0 (Windows NT 6.1; WOW64) AppleWebKit/537.1 (KHTML, like Gecko) Chrome/21.0.1180.83 Safari/537.1" "-"
51.195.40.0 - - [20/Dec/2023:14:30:58 +0100] "GET /Practicas%20DAM23/Ejemplo%20Bootstrap/Plantilla%202/MyPortfolio-modificado/index.html HTTP/1.1" 200 13919 josemroldanguerrero.com "-" "Mozilla/5.0 (Windows NT 10.0; Win64; x64) AppleWebKit/537.36 (KHTML, like Gecko) Chrome/63.0.3239.132 Safari/537.36" "-"
51.195.40.0 - - [20/Dec/2023:14:31:29 +0100] "GET /Practicas%20DAM23/Examenes/Examen1/examen1.html HTTP/1.1" 200 4074 josemroldanguerrero.com "-" "Mozilla/5.0 (Windows NT 10.0; Win64; x64) AppleWebKit/537.36 (KHTML, like Gecko) Chrome/63.0.3239.132 Safari/537.36" "-"
51.195.40.0 - - [20/Dec/2023:14:32:05 +0100] "GET /Practicas%20DAM23/Examenes/Examen1/examen1.html HTTP/1.1" 200 4074 josemroldanguerrero.com "-" "Mozilla/5.0 (Windows NT 10.0; Win64; x64) AppleWebKit/537.36 (KHTML, like Gecko) Chrome/63.0.3239.132 Safari/537.36" "-"
51.195.40.0 - - [20/Dec/2023:14:33:30 +0100] "GET /Practicas%20DAM23/fonts/GlossypersonaluseRegular-eZL93.otf HTTP/1.1" 200 7228 josemroldanguerrero.com "-" "Mozilla/5.0 (Windows NT 10.0; Win64; x64) AppleWebKit/537.36 (KHTML, like Gecko) Chrome/63.0.3239.132 Safari/537.36" "-"
51.195.40.0 - - [20/Dec/2023:14:33:31 +0100] "GET /Practicas%20DAM23/fonts/GlossypersonaluseRegular-eZL93.otf HTTP/1.1" 200 7228 josemroldanguerrero.com "-" "Mozilla/5.0 (Windows NT 10.0; Win64; x64) AppleWebKit/537.36 (KHTML, like Gecko) Chrome/63.0.3239.132 Safari/537.36" "-"
2001:41d0:700:: - - [20/Dec/2023:14:34:19 +0100] "GET /Practicas%20DAM23/MySQL/Ejercicios%20Base%20datos/img/practica2.png HTTP/1.1" 200 112025 josemroldanguerrero.com "-" "Mozilla/5.0 (Windows NT 6.1; WOW64) AppleWebKit/537.1 (KHTML, like Gecko) Chrome/21.0.1180.83 Safari/537.1" "-"
51.195.40.0 - - [20/Dec/2023:14:34:21 +0100] "GET /Practicas%20DAM23/img/leters.webp HTTP/1.1" 200 479068 josemroldanguerrero.com "-" "Mozilla/5.0 (Windows NT 10.0; Win64; x64) AppleWebKit/537.36 (KHTML, like Gecko) Chrome/63.0.3239.132 Safari/537.36" "-"
123.60.68.0 - - [20/Dec/2023:14:34:37 +0100] "GET / HTTP/1.1" 200 14962 www.josemroldanguerrero.com "-" "Mozilla/5.0 (Windows NT 10.7; Win64; x64) AppleWebKit/537.36 (KHTML, like Gecko) Chrome/78.0.2877.88 Safari/537.36" "-"
2001:41d0:700:: - - [20/Dec/2023:14:34:58 +0100] "GET /Practicas%20DAM23/MySQL/Ejercicios%20Base%20datos/img/practica3.png HTTP/1.1" 200 67256 josemroldanguerrero.com "-" "Mozilla/5.0 (Windows NT 6.1; WOW64) AppleWebKit/537.1 (KHTML, like Gecko) Chrome/21.0.1180.83 Safari/537.1" "-"
2001:41d0:700:: - - [20/Dec/2023:14:36:18 +0100] "GET /Practicas%20DAM23/MySQL/Ejercicios%20Base%20datos/img/practica3.png HTTP/1.1" 200 67256 josemroldanguerrero.com "-" "Mozilla/5.0 (Windows NT 6.1; WOW64) AppleWebKit/537.1 (KHTML, like Gecko) Chrome/21.0.1180.83 Safari/537.1" "-"
2001:41d0:700:: - - [20/Dec/2023:14:36:18 +0100] "GET /Practicas%20DAM23/MySQL/Ejercicios%20Base%20datos/img/practica4.png HTTP/1.1" 200 46277 josemroldanguerrero.com "-" "Mozilla/5.0 (Windows NT 6.1; WOW64) AppleWebKit/537.1 (KHTML, like Gecko) Chrome/21.0.1180.83 Safari/537.1" "-"
2001:41d0:700:: - - [20/Dec/2023:14:36:51 +0100] "GET /Practicas%20DAM23/MySQL/Ejercicios%20Base%20datos/img/practica4.png HTTP/1.1" 200 46277 josemroldanguerrero.com "-" "Mozilla/5.0 (Windows NT 6.1; WOW64) AppleWebKit/537.1 (KHTML, like Gecko) Chrome/21.0.1180.83 Safari/537.1" "-"
2001:41d0:700:: - - [20/Dec/2023:14:37:14 +0100] "GET /Practicas%20DAM23/MySQL/Ejercicios%20Base%20datos/img/practica5.png HTTP/1.1" 200 96030 josemroldanguerrero.com "-" "Mozilla/5.0 (Windows NT 6.1; WOW64) AppleWebKit/537.1 (KHTML, like Gecko) Chrome/21.0.1180.83 Safari/537.1" "-"
2001:41d0:700:: - - [20/Dec/2023:14:37:32 +0100] "GET /Practicas%20DAM23/MySQL/Ejercicios%20Base%20datos/img/practica5.png HTTP/1.1" 200 96030 josemroldanguerrero.com "-" "Mozilla/5.0 (Windows NT 6.1; WOW64) AppleWebKit/537.1 (KHTML, like Gecko) Chrome/21.0.1180.83 Safari/537.1" "-"
2001:41d0:700:: - - [20/Dec/2023:14:38:01 +0100] "GET /Practicas%20DAM23/MySQL/Ejercicios%20Base%20datos/img/practica6.png HTTP/1.1" 200 9834 josemroldanguerrero.com "-" "Mozilla/5.0 (Windows NT 6.1; WOW64) AppleWebKit/537.1 (KHTML, like Gecko) Chrome/21.0.1180.83 Safari/537.1" "-"
2001:41d0:700:: - - [20/Dec/2023:14:38:02 +0100] "GET /Practicas%20DAM23/MySQL/Ejercicios%20Base%20datos/img/practica6.png HTTP/1.1" 200 9834 josemroldanguerrero.com "-" "Mozilla/5.0 (Windows NT 6.1; WOW64) AppleWebKit/537.1 (KHTML, like Gecko) Chrome/21.0.1180.83 Safari/537.1" "-"
51.195.40.0 - - [20/Dec/2023:14:38:24 +0100] "GET /Practicas%20DAM23/img/leters.webp HTTP/1.1" 200 479068 josemroldanguerrero.com "-" "Mozilla/5.0 (Windows NT 10.0; Win64; x64) AppleWebKit/537.36 (KHTML, like Gecko) Chrome/63.0.3239.132 Safari/537.36" "-"
51.195.40.0 - - [20/Dec/2023:14:38:30 +0100] "GET /Practicas%20DAM23/img/example1.webp HTTP/1.1" 200 539464 josemroldanguerrero.com "-" "Mozilla/5.0 (Windows NT 10.0; Win64; x64) AppleWebKit/537.36 (KHTML, like Gecko) Chrome/63.0.3239.132 Safari/537.36" "-"
51.195.40.0 - - [20/Dec/2023:14:39:08 +0100] "GET /Practicas%20DAM23/img/example1.webp HTTP/1.1" 200 539464 josemroldanguerrero.com "-" "Mozilla/5.0 (Windows NT 10.0; Win64; x64) AppleWebKit/537.36 (KHTML, like Gecko) Chrome/63.0.3239.132 Safari/537.36" "-"
51.195.40.0 - - [20/Dec/2023:14:40:08 +0100] "GET /Practicas%20DAM23/img/example2.webp HTTP/1.1" 200 595954 josemroldanguerrero.com "-" "Mozilla/5.0 (Windows NT 10.0; Win64; x64) AppleWebKit/537.36 (KHTML, like Gecko) Chrome/63.0.3239.132 Safari/537.36" "-"
2001:41d0:700:: - - [20/Dec/2023:14:40:43 +0100] "GET /Practicas%20DAM23/MySQL/Ejercicios%20Base%20datos/img/practica8.png HTTP/1.1" 200 31135 josemroldanguerrero.com "-" "Mozilla/5.0 (Windows NT 6.1; WOW64) AppleWebKit/537.1 (KHTML, like Gecko) Chrome/21.0.1180.83 Safari/537.1" "-"
51.195.40.0 - - [20/Dec/2023:14:41:10 +0100] "GET /Practicas%20DAM23/img/example2.webp HTTP/1.1" 200 595954 josemroldanguerrero.com "-" "Mozilla/5.0 (Windows NT 10.0; Win64; x64) AppleWebKit/537.36 (KHTML, like Gecko) Chrome/63.0.3239.132 Safari/537.36" "-"
2001:41d0:700:: - - [20/Dec/2023:14:41:20 +0100] "GET /Practicas%20DAM23/MySQL/Ejercicios%20Base%20datos/img/practica8.png HTTP/1.1" 200 31135 josemroldanguerrero.com "-" "Mozilla/5.0 (Windows NT 6.1; WOW64) AppleWebKit/537.1 (KHTML, like Gecko) Chrome/21.0.1180.83 Safari/537.1" "-"
51.195.40.0 - - [20/Dec/2023:14:41:30 +0100] "GET /Practicas%20DAM23/img/example3.webp HTTP/1.1" 200 2575640 josemroldanguerrero.com "-" "Mozilla/5.0 (Windows NT 10.0; Win64; x64) AppleWebKit/537.36 (KHTML, like Gecko) Chrome/63.0.3239.132 Safari/537.36" "-"
51.195.40.0 - - [20/Dec/2023:14:41:36 +0100] "GET /Practicas%20DAM23/img/example3.webp HTTP/1.1" 200 2575640 josemroldanguerrero.com "-" "Mozilla/5.0 (Windows NT 10.0; Win64; x64) AppleWebKit/537.36 (KHTML, like Gecko) Chrome/63.0.3239.132 Safari/537.36" "-"
2001:41d0:700:: - - [20/Dec/2023:14:42:24 +0100] "GET /Practicas%20DAM23/MySQL/Ejercicios%20Base%20datos/img/practica9.png HTTP/1.1" 200 105766 josemroldanguerrero.com "-" "Mozilla/5.0 (Windows NT 6.1; WOW64) AppleWebKit/537.1 (KHTML, like Gecko) Chrome/21.0.1180.83 Safari/537.1" "-"
