90.167.203.0 - - [16/Feb/2024:12:44:45 +0100] "GET /wp-content/uploads/elementor/css/global.css?ver=1708026010 HTTP/1.1" 200 4583 wordpress.josemroldanguerrero.com "https://wordpress.josemroldanguerrero.com/index.php/pagina-ejemplo/" "Mozilla/5.0 (iPhone; CPU iPhone OS 17_3 like Mac OS X) AppleWebKit/605.1.15 (KHTML, like Gecko) CriOS/121.0.6167.171 Mobile/15E148 Safari/604.1" "-"
90.167.203.0 - - [16/Feb/2024:12:44:45 +0100] "GET /wp-content/uploads/elementor/css/post-263.css?ver=1708079298 HTTP/1.1" 200 810 wordpress.josemroldanguerrero.com "https://wordpress.josemroldanguerrero.com/index.php/pagina-ejemplo/" "Mozilla/5.0 (iPhone; CPU iPhone OS 17_3 like Mac OS X) AppleWebKit/605.1.15 (KHTML, like Gecko) CriOS/121.0.6167.171 Mobile/15E148 Safari/604.1" "-"
90.167.203.0 - - [16/Feb/2024:12:44:45 +0100] "GET /wp-content/uploads/elementor/css/post-2.css?ver=1708083816 HTTP/1.1" 200 1342 wordpress.josemroldanguerrero.com "https://wordpress.josemroldanguerrero.com/index.php/pagina-ejemplo/" "Mozilla/5.0 (iPhone; CPU iPhone OS 17_3 like Mac OS X) AppleWebKit/605.1.15 (KHTML, like Gecko) CriOS/121.0.6167.171 Mobile/15E148 Safari/604.1" "-"
90.167.203.0 - - [16/Feb/2024:12:44:45 +0100] "GET /wp-content/uploads/2024/02/title-1024x230.png HTTP/1.1" 200 54323 wordpress.josemroldanguerrero.com "https://wordpress.josemroldanguerrero.com/index.php/pagina-ejemplo/" "Mozilla/5.0 (iPhone; CPU iPhone OS 17_3 like Mac OS X) AppleWebKit/605.1.15 (KHTML, like Gecko) CriOS/121.0.6167.171 Mobile/15E148 Safari/604.1" "-"
90.167.203.0 - - [16/Feb/2024:12:44:45 +0100] "GET /wp-content/uploads/2024/02/dune-683x1024.webp HTTP/1.1" 200 55924 wordpress.josemroldanguerrero.com "https://wordpress.josemroldanguerrero.com/index.php/pagina-ejemplo/" "Mozilla/5.0 (iPhone; CPU iPhone OS 17_3 like Mac OS X) AppleWebKit/605.1.15 (KHTML, like Gecko) CriOS/121.0.6167.171 Mobile/15E148 Safari/604.1" "-"
90.167.203.0 - - [16/Feb/2024:12:44:45 +0100] "GET /wp-content/uploads/2024/02/ghostinthesell-1024x1536.webp HTTP/1.1" 200 282910 wordpress.josemroldanguerrero.com "https://wordpress.josemroldanguerrero.com/index.php/pagina-ejemplo/" "Mozilla/5.0 (iPhone; CPU iPhone OS 17_3 like Mac OS X) AppleWebKit/605.1.15 (KHTML, like Gecko) CriOS/121.0.6167.171 Mobile/15E148 Safari/604.1" "-"
90.167.203.0 - - [16/Feb/2024:12:44:45 +0100] "GET /wp-content/plugins/elementor/assets/js/image-carousel.4455c6362492d9067512.bundle.min.js HTTP/1.1" 200 300 wordpress.josemroldanguerrero.com "https://wordpress.josemroldanguerrero.com/index.php/pagina-ejemplo/" "Mozilla/5.0 (iPhone; CPU iPhone OS 17_3 like Mac OS X) AppleWebKit/605.1.15 (KHTML, like Gecko) CriOS/121.0.6167.171 Mobile/15E148 Safari/604.1" "-"
90.167.203.0 - - [16/Feb/2024:12:44:45 +0100] "GET /wp-content/uploads/2024/02/nowhere-683x1024.webp HTTP/1.1" 200 47228 wordpress.josemroldanguerrero.com "https://wordpress.josemroldanguerrero.com/index.php/pagina-ejemplo/" "Mozilla/5.0 (iPhone; CPU iPhone OS 17_3 like Mac OS X) AppleWebKit/605.1.15 (KHTML, like Gecko) CriOS/121.0.6167.171 Mobile/15E148 Safari/604.1" "-"
90.167.203.0 - - [16/Feb/2024:12:44:45 +0100] "GET /wp-content/uploads/2024/02/elOdio-683x1024.webp HTTP/1.1" 200 31692 wordpress.josemroldanguerrero.com "https://wordpress.josemroldanguerrero.com/index.php/pagina-ejemplo/" "Mozilla/5.0 (iPhone; CPU iPhone OS 17_3 like Mac OS X) AppleWebKit/605.1.15 (KHTML, like Gecko) CriOS/121.0.6167.171 Mobile/15E148 Safari/604.1" "-"
90.167.203.0 - - [16/Feb/2024:12:44:45 +0100] "GET /wp-content/plugins/elementor/assets/lib/swiper/v8/swiper.min.js?ver=8.4.5 HTTP/1.1" 200 48189 wordpress.josemroldanguerrero.com "https://wordpress.josemroldanguerrero.com/index.php/pagina-ejemplo/" "Mozilla/5.0 (iPhone; CPU iPhone OS 17_3 like Mac OS X) AppleWebKit/605.1.15 (KHTML, like Gecko) CriOS/121.0.6167.171 Mobile/15E148 Safari/604.1" "-"
90.167.203.0 - - [16/Feb/2024:12:44:45 +0100] "GET /wp-content/uploads/2024/02/akira-717x1024.webp HTTP/1.1" 200 109616 wordpress.josemroldanguerrero.com "https://wordpress.josemroldanguerrero.com/index.php/pagina-ejemplo/" "Mozilla/5.0 (iPhone; CPU iPhone OS 17_3 like Mac OS X) AppleWebKit/605.1.15 (KHTML, like Gecko) CriOS/121.0.6167.171 Mobile/15E148 Safari/604.1" "-"
90.167.203.0 - - [16/Feb/2024:12:44:45 +0100] "GET /wp-content/uploads/2024/02/ghostbuster-683x1024.webp HTTP/1.1" 200 58496 wordpress.josemroldanguerrero.com "https://wordpress.josemroldanguerrero.com/index.php/pagina-ejemplo/" "Mozilla/5.0 (iPhone; CPU iPhone OS 17_3 like Mac OS X) AppleWebKit/605.1.15 (KHTML, like Gecko) CriOS/121.0.6167.171 Mobile/15E148 Safari/604.1" "-"
90.167.203.0 - - [16/Feb/2024:12:44:45 +0100] "GET /wp-content/uploads/2024/02/bladerunner-683x1024.webp HTTP/1.1" 200 217490 wordpress.josemroldanguerrero.com "https://wordpress.josemroldanguerrero.com/index.php/pagina-ejemplo/" "Mozilla/5.0 (iPhone; CPU iPhone OS 17_3 like Mac OS X) AppleWebKit/605.1.15 (KHTML, like Gecko) CriOS/121.0.6167.171 Mobile/15E148 Safari/604.1" "-"
90.167.203.0 - - [16/Feb/2024:12:44:45 +0100] "GET /wp-content/uploads/2024/02/ghostinthesell-683x1024.webp HTTP/1.1" 200 163254 wordpress.josemroldanguerrero.com "https://wordpress.josemroldanguerrero.com/index.php/pagina-ejemplo/" "Mozilla/5.0 (iPhone; CPU iPhone OS 17_3 like Mac OS X) AppleWebKit/605.1.15 (KHTML, like Gecko) CriOS/121.0.6167.171 Mobile/15E148 Safari/604.1" "-"
139.47.100.0 - - [16/Feb/2024:12:45:04 +0100] "POST /wp-admin/admin-ajax.php HTTP/1.1" 200 77 wordpress.josemroldanguerrero.com "https://wordpress.josemroldanguerrero.com/wp-admin/post.php?post=2&action=elementor" "Mozilla/5.0 (Windows NT 10.0; Win64; x64) AppleWebKit/537.36 (KHTML, like Gecko) Chrome/121.0.0.0 Safari/537.36" "-"
139.47.100.0 - - [16/Feb/2024:12:45:20 +0100] "POST /wp-admin/admin-ajax.php HTTP/1.1" 200 77 wordpress.josemroldanguerrero.com "https://wordpress.josemroldanguerrero.com/wp-admin/post.php?post=2&action=elementor" "Mozilla/5.0 (Windows NT 10.0; Win64; x64) AppleWebKit/537.36 (KHTML, like Gecko) Chrome/121.0.0.0 Safari/537.36" "-"
139.47.100.0 - - [16/Feb/2024:12:45:35 +0100] "POST /wp-admin/admin-ajax.php HTTP/1.1" 200 77 wordpress.josemroldanguerrero.com "https://wordpress.josemroldanguerrero.com/wp-admin/post.php?post=2&action=elementor" "Mozilla/5.0 (Windows NT 10.0; Win64; x64) AppleWebKit/537.36 (KHTML, like Gecko) Chrome/121.0.0.0 Safari/537.36" "-"
139.47.100.0 - - [16/Feb/2024:12:45:49 +0100] "POST /wp-admin/admin-ajax.php HTTP/1.1" 200 676 wordpress.josemroldanguerrero.com "https://wordpress.josemroldanguerrero.com/wp-admin/post.php?post=2&action=elementor" "Mozilla/5.0 (Windows NT 10.0; Win64; x64) AppleWebKit/537.36 (KHTML, like Gecko) Chrome/121.0.0.0 Safari/537.36" "-"
139.47.100.0 - - [16/Feb/2024:12:45:50 +0100] "POST /wp-admin/admin-ajax.php HTTP/1.1" 200 77 wordpress.josemroldanguerrero.com "https://wordpress.josemroldanguerrero.com/wp-admin/post.php?post=2&action=elementor" "Mozilla/5.0 (Windows NT 10.0; Win64; x64) AppleWebKit/537.36 (KHTML, like Gecko) Chrome/121.0.0.0 Safari/537.36" "-"
90.167.203.0 - - [16/Feb/2024:12:45:57 +0100] "GET /index.php/pagina-ejemplo/ HTTP/1.1" 200 48502 wordpress.josemroldanguerrero.com "-" "Mozilla/5.0 (iPhone; CPU iPhone OS 17_3 like Mac OS X) AppleWebKit/605.1.15 (KHTML, like Gecko) CriOS/121.0.6167.171 Mobile/15E148 Safari/604.1" "-"
90.167.203.0 - - [16/Feb/2024:12:45:58 +0100] "GET /wp-content/uploads/elementor/css/post-2.css?ver=1708083957 HTTP/1.1" 200 1342 wordpress.josemroldanguerrero.com "https://wordpress.josemroldanguerrero.com/index.php/pagina-ejemplo/" "Mozilla/5.0 (iPhone; CPU iPhone OS 17_3 like Mac OS X) AppleWebKit/605.1.15 (KHTML, like Gecko) CriOS/121.0.6167.171 Mobile/15E148 Safari/604.1" "-"
139.47.100.0 - - [16/Feb/2024:12:46:05 +0100] "POST /wp-admin/admin-ajax.php HTTP/1.1" 200 77 wordpress.josemroldanguerrero.com "https://wordpress.josemroldanguerrero.com/wp-admin/post.php?post=2&action=elementor" "Mozilla/5.0 (Windows NT 10.0; Win64; x64) AppleWebKit/537.36 (KHTML, like Gecko) Chrome/121.0.0.0 Safari/537.36" "-"
139.47.100.0 - - [16/Feb/2024:12:46:20 +0100] "POST /wp-admin/admin-ajax.php HTTP/1.1" 200 77 wordpress.josemroldanguerrero.com "https://wordpress.josemroldanguerrero.com/wp-admin/post.php?post=2&action=elementor" "Mozilla/5.0 (Windows NT 10.0; Win64; x64) AppleWebKit/537.36 (KHTML, like Gecko) Chrome/121.0.0.0 Safari/537.36" "-"
139.47.100.0 - - [16/Feb/2024:12:46:36 +0100] "POST /wp-admin/admin-ajax.php HTTP/1.1" 200 77 wordpress.josemroldanguerrero.com "https://wordpress.josemroldanguerrero.com/wp-admin/post.php?post=2&action=elementor" "Mozilla/5.0 (Windows NT 10.0; Win64; x64) AppleWebKit/537.36 (KHTML, like Gecko) Chrome/121.0.0.0 Safari/537.36" "-"
139.47.100.0 - - [16/Feb/2024:12:47:55 +0100] "POST /wp-admin/admin-ajax.php HTTP/1.1" 200 77 wordpress.josemroldanguerrero.com "https://wordpress.josemroldanguerrero.com/wp-admin/post.php?post=2&action=elementor" "Mozilla/5.0 (Windows NT 10.0; Win64; x64) AppleWebKit/537.36 (KHTML, like Gecko) Chrome/121.0.0.0 Safari/537.36" "-"
139.47.100.0 - - [16/Feb/2024:12:48:11 +0100] "POST /wp-admin/admin-ajax.php HTTP/1.1" 200 77 wordpress.josemroldanguerrero.com "https://wordpress.josemroldanguerrero.com/wp-admin/post.php?post=2&action=elementor" "Mozilla/5.0 (Windows NT 10.0; Win64; x64) AppleWebKit/537.36 (KHTML, like Gecko) Chrome/121.0.0.0 Safari/537.36" "-"
139.47.100.0 - - [16/Feb/2024:12:50:12 +0100] "POST /wp-admin/admin-ajax.php HTTP/1.1" 200 77 wordpress.josemroldanguerrero.com "https://wordpress.josemroldanguerrero.com/wp-admin/post.php?post=2&action=elementor" "Mozilla/5.0 (Windows NT 10.0; Win64; x64) AppleWebKit/537.36 (KHTML, like Gecko) Chrome/121.0.0.0 Safari/537.36" "-"
139.47.100.0 - - [16/Feb/2024:12:52:13 +0100] "POST /wp-admin/admin-ajax.php HTTP/1.1" 200 77 wordpress.josemroldanguerrero.com "https://wordpress.josemroldanguerrero.com/wp-admin/post.php?post=2&action=elementor" "Mozilla/5.0 (Windows NT 10.0; Win64; x64) AppleWebKit/537.36 (KHTML, like Gecko) Chrome/121.0.0.0 Safari/537.36" "-"
139.47.100.0 - - [16/Feb/2024:12:54:14 +0100] "POST /wp-admin/admin-ajax.php HTTP/1.1" 200 77 wordpress.josemroldanguerrero.com "https://wordpress.josemroldanguerrero.com/wp-admin/post.php?post=2&action=elementor" "Mozilla/5.0 (Windows NT 10.0; Win64; x64) AppleWebKit/537.36 (KHTML, like Gecko) Chrome/121.0.0.0 Safari/537.36" "-"
139.47.100.0 - - [16/Feb/2024:12:56:15 +0100] "POST /wp-admin/admin-ajax.php HTTP/1.1" 200 77 wordpress.josemroldanguerrero.com "https://wordpress.josemroldanguerrero.com/wp-admin/post.php?post=2&action=elementor" "Mozilla/5.0 (Windows NT 10.0; Win64; x64) AppleWebKit/537.36 (KHTML, like Gecko) Chrome/121.0.0.0 Safari/537.36" "-"
139.47.100.0 - - [16/Feb/2024:12:58:16 +0100] "POST /wp-admin/admin-ajax.php HTTP/1.1" 200 77 wordpress.josemroldanguerrero.com "https://wordpress.josemroldanguerrero.com/wp-admin/post.php?post=2&action=elementor" "Mozilla/5.0 (Windows NT 10.0; Win64; x64) AppleWebKit/537.36 (KHTML, like Gecko) Chrome/121.0.0.0 Safari/537.36" "-"
139.47.100.0 - - [16/Feb/2024:13:00:17 +0100] "POST /wp-admin/admin-ajax.php HTTP/1.1" 200 223 wordpress.josemroldanguerrero.com "https://wordpress.josemroldanguerrero.com/wp-admin/post.php?post=2&action=elementor" "Mozilla/5.0 (Windows NT 10.0; Win64; x64) AppleWebKit/537.36 (KHTML, like Gecko) Chrome/121.0.0.0 Safari/537.36" "-"
139.47.100.0 - - [16/Feb/2024:13:02:16 +0100] "POST /wp-admin/admin-ajax.php HTTP/1.1" 200 77 wordpress.josemroldanguerrero.com "https://wordpress.josemroldanguerrero.com/wp-admin/post.php?post=2&action=elementor" "Mozilla/5.0 (Windows NT 10.0; Win64; x64) AppleWebKit/537.36 (KHTML, like Gecko) Chrome/121.0.0.0 Safari/537.36" "-"
139.47.100.0 - - [16/Feb/2024:13:02:20 +0100] "POST /wp-admin/admin-ajax.php HTTP/1.1" 200 638 wordpress.josemroldanguerrero.com "https://wordpress.josemroldanguerrero.com/wp-admin/post.php?post=2&action=elementor" "Mozilla/5.0 (Windows NT 10.0; Win64; x64) AppleWebKit/537.36 (KHTML, like Gecko) Chrome/121.0.0.0 Safari/537.36" "-"
139.47.100.0 - - [16/Feb/2024:13:02:31 +0100] "POST /wp-admin/admin-ajax.php HTTP/1.1" 200 77 wordpress.josemroldanguerrero.com "https://wordpress.josemroldanguerrero.com/wp-admin/post.php?post=2&action=elementor" "Mozilla/5.0 (Windows NT 10.0; Win64; x64) AppleWebKit/537.36 (KHTML, like Gecko) Chrome/121.0.0.0 Safari/537.36" "-"
139.47.100.0 - - [16/Feb/2024:13:04:32 +0100] "POST /wp-admin/admin-ajax.php HTTP/1.1" 200 77 wordpress.josemroldanguerrero.com "https://wordpress.josemroldanguerrero.com/wp-admin/post.php?post=2&action=elementor" "Mozilla/5.0 (Windows NT 10.0; Win64; x64) AppleWebKit/537.36 (KHTML, like Gecko) Chrome/121.0.0.0 Safari/537.36" "-"
139.47.100.0 - - [16/Feb/2024:13:05:47 +0100] "POST /wp-admin/admin-ajax.php HTTP/1.1" 200 77 wordpress.josemroldanguerrero.com "https://wordpress.josemroldanguerrero.com/wp-admin/post.php?post=2&action=elementor" "Mozilla/5.0 (Windows NT 10.0; Win64; x64) AppleWebKit/537.36 (KHTML, like Gecko) Chrome/121.0.0.0 Safari/537.36" "-"
139.47.100.0 - - [16/Feb/2024:13:06:03 +0100] "POST /wp-admin/admin-ajax.php HTTP/1.1" 200 77 wordpress.josemroldanguerrero.com "https://wordpress.josemroldanguerrero.com/wp-admin/post.php?post=2&action=elementor" "Mozilla/5.0 (Windows NT 10.0; Win64; x64) AppleWebKit/537.36 (KHTML, like Gecko) Chrome/121.0.0.0 Safari/537.36" "-"
139.47.100.0 - - [16/Feb/2024:13:07:05 +0100] "POST /wp-admin/admin-ajax.php HTTP/1.1" 200 77 wordpress.josemroldanguerrero.com "https://wordpress.josemroldanguerrero.com/wp-admin/post.php?post=2&action=elementor" "Mozilla/5.0 (Windows NT 10.0; Win64; x64) AppleWebKit/537.36 (KHTML, like Gecko) Chrome/121.0.0.0 Safari/537.36" "-"
139.47.100.0 - - [16/Feb/2024:13:07:18 +0100] "POST /wp-admin/admin-ajax.php HTTP/1.1" 200 673 wordpress.josemroldanguerrero.com "https://wordpress.josemroldanguerrero.com/wp-admin/post.php?post=2&action=elementor" "Mozilla/5.0 (Windows NT 10.0; Win64; x64) AppleWebKit/537.36 (KHTML, like Gecko) Chrome/121.0.0.0 Safari/537.36" "-"
139.47.100.0 - - [16/Feb/2024:13:07:20 +0100] "POST /wp-admin/admin-ajax.php HTTP/1.1" 200 77 wordpress.josemroldanguerrero.com "https://wordpress.josemroldanguerrero.com/wp-admin/post.php?post=2&action=elementor" "Mozilla/5.0 (Windows NT 10.0; Win64; x64) AppleWebKit/537.36 (KHTML, like Gecko) Chrome/121.0.0.0 Safari/537.36" "-"
90.167.203.0 - - [16/Feb/2024:13:07:26 +0100] "GET /index.php/pagina-ejemplo/ HTTP/1.1" 200 48615 wordpress.josemroldanguerrero.com "https://wordpress.josemroldanguerrero.com/" "Mozilla/5.0 (iPhone; CPU iPhone OS 17_3_1 like Mac OS X) AppleWebKit/605.1.15 (KHTML, like Gecko) Version/17.3.1 Mobile/15E148 Safari/604.1" "-"
90.167.203.0 - - [16/Feb/2024:13:07:26 +0100] "GET /wp-content/uploads/elementor/css/post-2.css?ver=1708085246 HTTP/1.1" 200 1342 wordpress.josemroldanguerrero.com "https://wordpress.josemroldanguerrero.com/index.php/pagina-ejemplo/" "Mozilla/5.0 (iPhone; CPU iPhone OS 17_3_1 like Mac OS X) AppleWebKit/605.1.15 (KHTML, like Gecko) Version/17.3.1 Mobile/15E148 Safari/604.1" "-"
139.47.100.0 - - [16/Feb/2024:13:07:35 +0100] "POST /wp-admin/admin-ajax.php HTTP/1.1" 200 77 wordpress.josemroldanguerrero.com "https://wordpress.josemroldanguerrero.com/wp-admin/post.php?post=2&action=elementor" "Mozilla/5.0 (Windows NT 10.0; Win64; x64) AppleWebKit/537.36 (KHTML, like Gecko) Chrome/121.0.0.0 Safari/537.36" "-"
139.47.100.0 - - [16/Feb/2024:13:07:50 +0100] "POST /wp-admin/admin-ajax.php HTTP/1.1" 200 77 wordpress.josemroldanguerrero.com "https://wordpress.josemroldanguerrero.com/wp-admin/post.php?post=2&action=elementor" "Mozilla/5.0 (Windows NT 10.0; Win64; x64) AppleWebKit/537.36 (KHTML, like Gecko) Chrome/121.0.0.0 Safari/537.36" "-"
54.36.149.0 - - [16/Feb/2024:13:07:52 +0100] "GET /Practicas%20DAM23/Prueba%2031%20Resuelta/index.html HTTP/1.1" 200 9294 josemroldanguerrero.com "-" "Mozilla/5.0 (compatible; AhrefsBot/7.0; +http://ahrefs.com/robot/)" "-"
139.47.100.0 - - [16/Feb/2024:13:07:52 +0100] "POST /wp-admin/admin-ajax.php HTTP/1.1" 200 674 wordpress.josemroldanguerrero.com "https://wordpress.josemroldanguerrero.com/wp-admin/post.php?post=2&action=elementor" "Mozilla/5.0 (Windows NT 10.0; Win64; x64) AppleWebKit/537.36 (KHTML, like Gecko) Chrome/121.0.0.0 Safari/537.36" "-"
54.36.148.0 - - [16/Feb/2024:13:07:53 +0100] "GET /Practicas%20DAM23/Prueba%2031%20Resuelta/img/imagen-3.png HTTP/1.1" 200 1580081 josemroldanguerrero.com "-" "Mozilla/5.0 (compatible; AhrefsBot/7.0; +http://ahrefs.com/robot/)" "-"
54.36.149.0 - - [16/Feb/2024:13:07:53 +0100] "GET /Practicas%20DAM23/Prueba%2031%20Resuelta/img/Eva_Aro_a_realistic_altocumulus_clouds_highly_detailed_kodak_fi_c7c02e4e-35f8-4e09-9be1-53f88e426b7a.png HTTP/1.1" 200 1651389 josemroldanguerrero.com "-" "Mozilla/5.0 (compatible; AhrefsBot/7.0; +http://ahrefs.com/robot/)" "-"
54.36.148.0 - - [16/Feb/2024:13:07:54 +0100] "GET /Practicas%20DAM23/Prueba%2031%20Resuelta/img/imagen-1.png HTTP/1.1" 200 2135908 josemroldanguerrero.com "-" "Mozilla/5.0 (compatible; AhrefsBot/7.0; +http://ahrefs.com/robot/)" "-"
54.36.148.0 - - [16/Feb/2024:13:07:55 +0100] "GET /Practicas%20DAM23/Prueba%2031%20Resuelta/img/color/%F0%9F%A6%86%20icon%20_Heart_.png HTTP/1.1" 200 7591 josemroldanguerrero.com "-" "Mozilla/5.0 (compatible; AhrefsBot/7.0; +http://ahrefs.com/robot/)" "-"
54.36.148.0 - - [16/Feb/2024:13:07:55 +0100] "GET /Practicas%20DAM23/Prueba%2031%20Resuelta/img/digital-music-formats-reference.png HTTP/1.1" 200 1378673 josemroldanguerrero.com "-" "Mozilla/5.0 (compatible; AhrefsBot/7.0; +http://ahrefs.com/robot/)" "-"
54.36.148.0 - - [16/Feb/2024:13:07:55 +0100] "GET /Practicas%20DAM23/Prueba%2031%20Resuelta/img/color/leaf.png HTTP/1.1" 200 14226 josemroldanguerrero.com "-" "Mozilla/5.0 (compatible; AhrefsBot/7.0; +http://ahrefs.com/robot/)" "-"
54.36.149.0 - - [16/Feb/2024:13:07:55 +0100] "GET /Practicas%20DAM23/Prueba%2031%20Resuelta/img/woman-en-laptop.png HTTP/1.1" 200 1234356 josemroldanguerrero.com "-" "Mozilla/5.0 (compatible; AhrefsBot/7.0; +http://ahrefs.com/robot/)" "-"
54.36.148.0 - - [16/Feb/2024:13:07:55 +0100] "GET /Practicas%20DAM23/Prueba%2031%20Resuelta/img/digital_formats-v2.png HTTP/1.1" 200 1908538 josemroldanguerrero.com "-" "Mozilla/5.0 (compatible; AhrefsBot/7.0; +http://ahrefs.com/robot/)" "-"
90.167.203.0 - - [16/Feb/2024:13:07:55 +0100] "GET /index.php/pagina-ejemplo/ HTTP/1.1" 200 48617 wordpress.josemroldanguerrero.com "https://wordpress.josemroldanguerrero.com/" "Mozilla/5.0 (iPhone; CPU iPhone OS 17_3_1 like Mac OS X) AppleWebKit/605.1.15 (KHTML, like Gecko) Version/17.3.1 Mobile/15E148 Safari/604.1" "-"
90.167.203.0 - - [16/Feb/2024:13:07:55 +0100] "GET /wp-content/uploads/elementor/css/post-2.css?ver=1708085275 HTTP/1.1" 200 1342 wordpress.josemroldanguerrero.com "https://wordpress.josemroldanguerrero.com/index.php/pagina-ejemplo/" "Mozilla/5.0 (iPhone; CPU iPhone OS 17_3_1 like Mac OS X) AppleWebKit/605.1.15 (KHTML, like Gecko) Version/17.3.1 Mobile/15E148 Safari/604.1" "-"
54.36.149.0 - - [16/Feb/2024:13:07:56 +0100] "GET /Practicas%20DAM23/Prueba%2031%20Resuelta/img/black/Vector-2.png HTTP/1.1" 200 2398 josemroldanguerrero.com "-" "Mozilla/5.0 (compatible; AhrefsBot/7.0; +http://ahrefs.com/robot/)" "-"
54.36.148.0 - - [16/Feb/2024:13:07:56 +0100] "GET /Practicas%20DAM23/Prueba%2031%20Resuelta/img/black/Vector.png HTTP/1.1" 200 2515 josemroldanguerrero.com "-" "Mozilla/5.0 (compatible; AhrefsBot/7.0; +http://ahrefs.com/robot/)" "-"
54.36.148.0 - - [16/Feb/2024:13:07:56 +0100] "GET /Practicas%20DAM23/Prueba%2031%20Resuelta/img/color/Vector.png HTTP/1.1" 200 14249 josemroldanguerrero.com "-" "Mozilla/5.0 (compatible; AhrefsBot/7.0; +http://ahrefs.com/robot/)" "-"
54.36.148.0 - - [16/Feb/2024:13:07:56 +0100] "GET /Practicas%20DAM23/Prueba%2031%20Resuelta/img/digital_formats-v4.png HTTP/1.1" 200 1610906 josemroldanguerrero.com "-" "Mozilla/5.0 (compatible; AhrefsBot/7.0; +http://ahrefs.com/robot/)" "-"
139.47.100.0 - - [16/Feb/2024:13:08:05 +0100] "POST /wp-admin/admin-ajax.php HTTP/1.1" 200 77 wordpress.josemroldanguerrero.com "https://wordpress.josemroldanguerrero.com/wp-admin/post.php?post=2&action=elementor" "Mozilla/5.0 (Windows NT 10.0; Win64; x64) AppleWebKit/537.36 (KHTML, like Gecko) Chrome/121.0.0.0 Safari/537.36" "-"
54.36.149.0 - - [16/Feb/2024:13:08:13 +0100] "GET /Practicas%20DAM23/Prueba%2031%20Resuelta/img/color/%F0%9F%A6%86%20icon%20_Ghost_.png HTTP/1.1" 200 22100 josemroldanguerrero.com "-" "Mozilla/5.0 (compatible; AhrefsBot/7.0; +http://ahrefs.com/robot/)" "-"
54.36.148.0 - - [16/Feb/2024:13:08:13 +0100] "GET /Practicas%20DAM23/Prueba%2031%20Resuelta/img/Eva_Aro_coding_course_imaginery_ef92aba5-0707-4394-9980-77d1e782e795.png HTTP/1.1" 200 1456791 josemroldanguerrero.com "-" "Mozilla/5.0 (compatible; AhrefsBot/7.0; +http://ahrefs.com/robot/)" "-"
54.36.148.0 - - [16/Feb/2024:13:08:14 +0100] "GET /Practicas%20DAM23/Prueba%2031%20Resuelta/img/imagen-17.png HTTP/1.1" 200 1714087 josemroldanguerrero.com "-" "Mozilla/5.0 (compatible; AhrefsBot/7.0; +http://ahrefs.com/robot/)" "-"
54.36.148.0 - - [16/Feb/2024:13:08:15 +0100] "GET /Practicas%20DAM23/Prueba%2031%20Resuelta/img/black/Group.png HTTP/1.1" 200 2293 josemroldanguerrero.com "-" "Mozilla/5.0 (compatible; AhrefsBot/7.0; +http://ahrefs.com/robot/)" "-"
54.36.148.0 - - [16/Feb/2024:13:08:15 +0100] "GET /Practicas%20DAM23/Prueba%2031%20Resuelta/css/style.css HTTP/1.1" 200 9422 josemroldanguerrero.com "-" "Mozilla/5.0 (compatible; AhrefsBot/7.0; +http://ahrefs.com/robot/)" "-"
54.36.148.0 - - [16/Feb/2024:13:08:15 +0100] "GET /Practicas%20DAM23/Prueba%2031%20Resuelta/img/black/Vector-1.png HTTP/1.1" 200 2036 josemroldanguerrero.com "-" "Mozilla/5.0 (compatible; AhrefsBot/7.0; +http://ahrefs.com/robot/)" "-"
139.47.100.0 - - [16/Feb/2024:13:08:21 +0100] "POST /wp-admin/admin-ajax.php HTTP/1.1" 200 77 wordpress.josemroldanguerrero.com "https://wordpress.josemroldanguerrero.com/wp-admin/post.php?post=2&action=elementor" "Mozilla/5.0 (Windows NT 10.0; Win64; x64) AppleWebKit/537.36 (KHTML, like Gecko) Chrome/121.0.0.0 Safari/537.36" "-"
139.47.100.0 - - [16/Feb/2024:13:09:32 +0100] "POST /wp-admin/admin-ajax.php HTTP/1.1" 200 77 wordpress.josemroldanguerrero.com "https://wordpress.josemroldanguerrero.com/wp-admin/post.php?post=2&action=elementor" "Mozilla/5.0 (Windows NT 10.0; Win64; x64) AppleWebKit/537.36 (KHTML, like Gecko) Chrome/121.0.0.0 Safari/537.36" "-"
139.47.100.0 - - [16/Feb/2024:13:09:47 +0100] "POST /wp-admin/admin-ajax.php HTTP/1.1" 200 77 wordpress.josemroldanguerrero.com "https://wordpress.josemroldanguerrero.com/wp-admin/post.php?post=2&action=elementor" "Mozilla/5.0 (Windows NT 10.0; Win64; x64) AppleWebKit/537.36 (KHTML, like Gecko) Chrome/121.0.0.0 Safari/537.36" "-"
139.47.100.0 - - [16/Feb/2024:13:09:47 +0100] "POST /wp-admin/admin-ajax.php HTTP/1.1" 200 674 wordpress.josemroldanguerrero.com "https://wordpress.josemroldanguerrero.com/wp-admin/post.php?post=2&action=elementor" "Mozilla/5.0 (Windows NT 10.0; Win64; x64) AppleWebKit/537.36 (KHTML, like Gecko) Chrome/121.0.0.0 Safari/537.36" "-"
90.167.203.0 - - [16/Feb/2024:13:09:51 +0100] "GET /index.php/pagina-ejemplo/ HTTP/1.1" 200 48614 wordpress.josemroldanguerrero.com "https://wordpress.josemroldanguerrero.com/" "Mozilla/5.0 (iPhone; CPU iPhone OS 17_3_1 like Mac OS X) AppleWebKit/605.1.15 (KHTML, like Gecko) Version/17.3.1 Mobile/15E148 Safari/604.1" "-"
90.167.203.0 - - [16/Feb/2024:13:09:51 +0100] "GET /wp-content/uploads/elementor/css/post-2.css?ver=1708085391 HTTP/1.1" 200 1342 wordpress.josemroldanguerrero.com "https://wordpress.josemroldanguerrero.com/index.php/pagina-ejemplo/" "Mozilla/5.0 (iPhone; CPU iPhone OS 17_3_1 like Mac OS X) AppleWebKit/605.1.15 (KHTML, like Gecko) Version/17.3.1 Mobile/15E148 Safari/604.1" "-"
139.47.100.0 - - [16/Feb/2024:13:10:02 +0100] "POST /wp-admin/admin-ajax.php HTTP/1.1" 200 77 wordpress.josemroldanguerrero.com "https://wordpress.josemroldanguerrero.com/wp-admin/post.php?post=2&action=elementor" "Mozilla/5.0 (Windows NT 10.0; Win64; x64) AppleWebKit/537.36 (KHTML, like Gecko) Chrome/121.0.0.0 Safari/537.36" "-"
139.47.100.0 - - [16/Feb/2024:13:11:35 +0100] "GET / HTTP/1.1" 200 135214 wordpress.josemroldanguerrero.com "-" "Mozilla/5.0 (Windows NT 10.0; Win64; x64) AppleWebKit/537.36 (KHTML, like Gecko) Chrome/121.0.0.0 Safari/537.36" "-"
139.47.100.0 - - [16/Feb/2024:13:11:36 +0100] "GET / HTTP/1.1" 200 135214 wordpress.josemroldanguerrero.com "-" "Mozilla/5.0 (Windows NT 10.0; Win64; x64) AppleWebKit/537.36 (KHTML, like Gecko) Chrome/121.0.0.0 Safari/537.36" "-"
139.47.100.0 - - [16/Feb/2024:13:11:38 +0100] "GET /index.php/pagina-ejemplo/ HTTP/1.1" 200 82426 wordpress.josemroldanguerrero.com "https://wordpress.josemroldanguerrero.com/" "Mozilla/5.0 (Windows NT 10.0; Win64; x64) AppleWebKit/537.36 (KHTML, like Gecko) Chrome/121.0.0.0 Safari/537.36" "-"
139.47.100.0 - - [16/Feb/2024:13:11:39 +0100] "GET /wp-content/uploads/elementor/css/post-2.css?ver=1708085391 HTTP/1.1" 200 1342 wordpress.josemroldanguerrero.com "https://wordpress.josemroldanguerrero.com/index.php/pagina-ejemplo/" "Mozilla/5.0 (Windows NT 10.0; Win64; x64) AppleWebKit/537.36 (KHTML, like Gecko) Chrome/121.0.0.0 Safari/537.36" "-"
139.47.100.0 - - [16/Feb/2024:13:11:39 +0100] "GET /wp-content/uploads/2024/02/nowhere-683x1024.webp HTTP/1.1" 304 - wordpress.josemroldanguerrero.com "https://wordpress.josemroldanguerrero.com/index.php/pagina-ejemplo/" "Mozilla/5.0 (Windows NT 10.0; Win64; x64) AppleWebKit/537.36 (KHTML, like Gecko) Chrome/121.0.0.0 Safari/537.36" "-"
139.47.100.0 - - [16/Feb/2024:13:11:39 +0100] "GET /wp-content/uploads/2024/02/dune-683x1024.webp HTTP/1.1" 304 - wordpress.josemroldanguerrero.com "https://wordpress.josemroldanguerrero.com/index.php/pagina-ejemplo/" "Mozilla/5.0 (Windows NT 10.0; Win64; x64) AppleWebKit/537.36 (KHTML, like Gecko) Chrome/121.0.0.0 Safari/537.36" "-"
139.47.100.0 - - [16/Feb/2024:13:11:39 +0100] "GET /wp-content/uploads/2024/02/elOdio-683x1024.webp HTTP/1.1" 304 - wordpress.josemroldanguerrero.com "https://wordpress.josemroldanguerrero.com/index.php/pagina-ejemplo/" "Mozilla/5.0 (Windows NT 10.0; Win64; x64) AppleWebKit/537.36 (KHTML, like Gecko) Chrome/121.0.0.0 Safari/537.36" "-"
139.47.100.0 - - [16/Feb/2024:13:11:39 +0100] "GET /wp-content/uploads/2024/02/ghostinthesell-683x1024.webp HTTP/1.1" 304 - wordpress.josemroldanguerrero.com "https://wordpress.josemroldanguerrero.com/index.php/pagina-ejemplo/" "Mozilla/5.0 (Windows NT 10.0; Win64; x64) AppleWebKit/537.36 (KHTML, like Gecko) Chrome/121.0.0.0 Safari/537.36" "-"
139.47.100.0 - - [16/Feb/2024:13:11:39 +0100] "GET /wp-content/uploads/2024/02/bladerunner-683x1024.webp HTTP/1.1" 304 - wordpress.josemroldanguerrero.com "https://wordpress.josemroldanguerrero.com/index.php/pagina-ejemplo/" "Mozilla/5.0 (Windows NT 10.0; Win64; x64) AppleWebKit/537.36 (KHTML, like Gecko) Chrome/121.0.0.0 Safari/537.36" "-"
139.47.100.0 - - [16/Feb/2024:13:11:39 +0100] "GET /wp-content/uploads/2024/02/akira-717x1024.webp HTTP/1.1" 304 - wordpress.josemroldanguerrero.com "https://wordpress.josemroldanguerrero.com/index.php/pagina-ejemplo/" "Mozilla/5.0 (Windows NT 10.0; Win64; x64) AppleWebKit/537.36 (KHTML, like Gecko) Chrome/121.0.0.0 Safari/537.36" "-"
139.47.100.0 - - [16/Feb/2024:13:11:39 +0100] "GET /wp-content/uploads/2024/02/ghostbuster-683x1024.webp HTTP/1.1" 304 - wordpress.josemroldanguerrero.com "https://wordpress.josemroldanguerrero.com/index.php/pagina-ejemplo/" "Mozilla/5.0 (Windows NT 10.0; Win64; x64) AppleWebKit/537.36 (KHTML, like Gecko) Chrome/121.0.0.0 Safari/537.36" "-"
139.47.100.0 - - [16/Feb/2024:13:11:44 +0100] "GET /wp-content/uploads/2024/02/ghostinthesell-1024x1536.webp HTTP/1.1" 200 282910 wordpress.josemroldanguerrero.com "https://wordpress.josemroldanguerrero.com/index.php/pagina-ejemplo/" "Mozilla/5.0 (Linux; Android 6.0; Nexus 5 Build/MRA58N) AppleWebKit/537.36 (KHTML, like Gecko) Chrome/121.0.0.0 Mobile Safari/537.36" "-"
139.47.100.0 - - [16/Feb/2024:13:11:44 +0100] "GET /wp-content/uploads/2024/02/title-1024x230.png HTTP/1.1" 200 54323 wordpress.josemroldanguerrero.com "https://wordpress.josemroldanguerrero.com/index.php/pagina-ejemplo/" "Mozilla/5.0 (Linux; Android 6.0; Nexus 5 Build/MRA58N) AppleWebKit/537.36 (KHTML, like Gecko) Chrome/121.0.0.0 Mobile Safari/537.36" "-"
139.47.100.0 - - [16/Feb/2024:13:11:44 +0100] "GET /wp-content/plugins/elementor/assets/lib/swiper/v8/swiper-bundle.min.js.map HTTP/1.1" 404 66407 wordpress.josemroldanguerrero.com "-" "Mozilla/5.0 (Windows NT 10.0; Win64; x64) AppleWebKit/537.36 (KHTML, like Gecko) Chrome/121.0.0.0 Safari/537.36" "-"
139.47.100.0 - - [16/Feb/2024:13:12:03 +0100] "POST /wp-admin/admin-ajax.php HTTP/1.1" 200 77 wordpress.josemroldanguerrero.com "https://wordpress.josemroldanguerrero.com/wp-admin/post.php?post=2&action=elementor" "Mozilla/5.0 (Windows NT 10.0; Win64; x64) AppleWebKit/537.36 (KHTML, like Gecko) Chrome/121.0.0.0 Safari/537.36" "-"
139.47.100.0 - - [16/Feb/2024:13:12:56 +0100] "POST /wp-admin/admin-ajax.php HTTP/1.1" 200 77 wordpress.josemroldanguerrero.com "https://wordpress.josemroldanguerrero.com/wp-admin/post.php?post=2&action=elementor" "Mozilla/5.0 (Windows NT 10.0; Win64; x64) AppleWebKit/537.36 (KHTML, like Gecko) Chrome/121.0.0.0 Safari/537.36" "-"
139.47.100.0 - - [16/Feb/2024:13:13:11 +0100] "POST /wp-admin/admin-ajax.php HTTP/1.1" 200 77 wordpress.josemroldanguerrero.com "https://wordpress.josemroldanguerrero.com/wp-admin/post.php?post=2&action=elementor" "Mozilla/5.0 (Windows NT 10.0; Win64; x64) AppleWebKit/537.36 (KHTML, like Gecko) Chrome/121.0.0.0 Safari/537.36" "-"
139.47.100.0 - - [16/Feb/2024:13:13:26 +0100] "POST /wp-admin/admin-ajax.php HTTP/1.1" 200 77 wordpress.josemroldanguerrero.com "https://wordpress.josemroldanguerrero.com/wp-admin/post.php?post=2&action=elementor" "Mozilla/5.0 (Windows NT 10.0; Win64; x64) AppleWebKit/537.36 (KHTML, like Gecko) Chrome/121.0.0.0 Safari/537.36" "-"
139.47.100.0 - - [16/Feb/2024:13:13:27 +0100] "POST /wp-admin/admin-ajax.php HTTP/1.1" 200 683 wordpress.josemroldanguerrero.com "https://wordpress.josemroldanguerrero.com/wp-admin/post.php?post=2&action=elementor" "Mozilla/5.0 (Windows NT 10.0; Win64; x64) AppleWebKit/537.36 (KHTML, like Gecko) Chrome/121.0.0.0 Safari/537.36" "-"
139.47.100.0 - - [16/Feb/2024:13:13:35 +0100] "POST /wp-admin/admin-ajax.php HTTP/1.1" 200 1765 wordpress.josemroldanguerrero.com "https://wordpress.josemroldanguerrero.com/wp-admin/post.php?post=2&action=elementor" "Mozilla/5.0 (Windows NT 10.0; Win64; x64) AppleWebKit/537.36 (KHTML, like Gecko) Chrome/121.0.0.0 Safari/537.36" "-"
139.47.100.0 - - [16/Feb/2024:13:13:41 +0100] "POST /wp-admin/admin-ajax.php HTTP/1.1" 200 77 wordpress.josemroldanguerrero.com "https://wordpress.josemroldanguerrero.com/wp-admin/post.php?post=2&action=elementor" "Mozilla/5.0 (Windows NT 10.0; Win64; x64) AppleWebKit/537.36 (KHTML, like Gecko) Chrome/121.0.0.0 Safari/537.36" "-"
139.47.100.0 - - [16/Feb/2024:13:13:44 +0100] "POST /wp-admin/admin-ajax.php HTTP/1.1" 200 356 wordpress.josemroldanguerrero.com "https://wordpress.josemroldanguerrero.com/wp-admin/post.php?post=2&action=elementor" "Mozilla/5.0 (Windows NT 10.0; Win64; x64) AppleWebKit/537.36 (KHTML, like Gecko) Chrome/121.0.0.0 Safari/537.36" "-"
139.47.100.0 - - [16/Feb/2024:13:13:56 +0100] "POST /wp-admin/admin-ajax.php HTTP/1.1" 200 77 wordpress.josemroldanguerrero.com "https://wordpress.josemroldanguerrero.com/wp-admin/post.php?post=2&action=elementor" "Mozilla/5.0 (Windows NT 10.0; Win64; x64) AppleWebKit/537.36 (KHTML, like Gecko) Chrome/121.0.0.0 Safari/537.36" "-"
139.47.100.0 - - [16/Feb/2024:13:14:11 +0100] "POST /wp-admin/admin-ajax.php HTTP/1.1" 200 77 wordpress.josemroldanguerrero.com "https://wordpress.josemroldanguerrero.com/wp-admin/post.php?post=2&action=elementor" "Mozilla/5.0 (Windows NT 10.0; Win64; x64) AppleWebKit/537.36 (KHTML, like Gecko) Chrome/121.0.0.0 Safari/537.36" "-"
139.47.100.0 - - [16/Feb/2024:13:14:26 +0100] "POST /wp-admin/admin-ajax.php HTTP/1.1" 200 77 wordpress.josemroldanguerrero.com "https://wordpress.josemroldanguerrero.com/wp-admin/post.php?post=2&action=elementor" "Mozilla/5.0 (Windows NT 10.0; Win64; x64) AppleWebKit/537.36 (KHTML, like Gecko) Chrome/121.0.0.0 Safari/537.36" "-"
139.47.100.0 - - [16/Feb/2024:13:14:29 +0100] "POST /wp-admin/admin-ajax.php HTTP/1.1" 200 1765 wordpress.josemroldanguerrero.com "https://wordpress.josemroldanguerrero.com/wp-admin/post.php?post=2&action=elementor" "Mozilla/5.0 (Windows NT 10.0; Win64; x64) AppleWebKit/537.36 (KHTML, like Gecko) Chrome/121.0.0.0 Safari/537.36" "-"
139.47.100.0 - - [16/Feb/2024:13:14:41 +0100] "POST /wp-admin/admin-ajax.php HTTP/1.1" 200 77 wordpress.josemroldanguerrero.com "https://wordpress.josemroldanguerrero.com/wp-admin/post.php?post=2&action=elementor" "Mozilla/5.0 (Windows NT 10.0; Win64; x64) AppleWebKit/537.36 (KHTML, like Gecko) Chrome/121.0.0.0 Safari/537.36" "-"
139.47.100.0 - - [16/Feb/2024:13:14:45 +0100] "GET /wp-content/uploads/2024/02/ghostinthesell-768x1152.webp HTTP/1.1" 200 196282 wordpress.josemroldanguerrero.com "https://wordpress.josemroldanguerrero.com/index.php/pagina-ejemplo/?elementor-preview=2&ver=1708079096" "Mozilla/5.0 (Windows NT 10.0; Win64; x64) AppleWebKit/537.36 (KHTML, like Gecko) Chrome/121.0.0.0 Safari/537.36" "-"
139.47.100.0 - - [16/Feb/2024:13:14:56 +0100] "POST /wp-admin/admin-ajax.php HTTP/1.1" 200 77 wordpress.josemroldanguerrero.com "https://wordpress.josemroldanguerrero.com/wp-admin/post.php?post=2&action=elementor" "Mozilla/5.0 (Windows NT 10.0; Win64; x64) AppleWebKit/537.36 (KHTML, like Gecko) Chrome/121.0.0.0 Safari/537.36" "-"
139.47.100.0 - - [16/Feb/2024:13:15:07 +0100] "POST /wp-admin/admin-ajax.php HTTP/1.1" 200 134 wordpress.josemroldanguerrero.com "https://wordpress.josemroldanguerrero.com/wp-admin/post.php?post=2&action=elementor" "Mozilla/5.0 (Windows NT 10.0; Win64; x64) AppleWebKit/537.36 (KHTML, like Gecko) Chrome/121.0.0.0 Safari/537.36" "-"
139.47.100.0 - - [16/Feb/2024:13:15:11 +0100] "POST /wp-admin/admin-ajax.php HTTP/1.1" 200 77 wordpress.josemroldanguerrero.com "https://wordpress.josemroldanguerrero.com/wp-admin/post.php?post=2&action=elementor" "Mozilla/5.0 (Windows NT 10.0; Win64; x64) AppleWebKit/537.36 (KHTML, like Gecko) Chrome/121.0.0.0 Safari/537.36" "-"
139.47.100.0 - - [16/Feb/2024:13:15:26 +0100] "POST /wp-admin/admin-ajax.php HTTP/1.1" 200 77 wordpress.josemroldanguerrero.com "https://wordpress.josemroldanguerrero.com/wp-admin/post.php?post=2&action=elementor" "Mozilla/5.0 (Windows NT 10.0; Win64; x64) AppleWebKit/537.36 (KHTML, like Gecko) Chrome/121.0.0.0 Safari/537.36" "-"
139.47.100.0 - - [16/Feb/2024:13:15:41 +0100] "POST /wp-admin/admin-ajax.php HTTP/1.1" 200 77 wordpress.josemroldanguerrero.com "https://wordpress.josemroldanguerrero.com/wp-admin/post.php?post=2&action=elementor" "Mozilla/5.0 (Windows NT 10.0; Win64; x64) AppleWebKit/537.36 (KHTML, like Gecko) Chrome/121.0.0.0 Safari/537.36" "-"
139.47.100.0 - - [16/Feb/2024:13:15:41 +0100] "POST /wp-admin/admin-ajax.php HTTP/1.1" 200 673 wordpress.josemroldanguerrero.com "https://wordpress.josemroldanguerrero.com/wp-admin/post.php?post=2&action=elementor" "Mozilla/5.0 (Windows NT 10.0; Win64; x64) AppleWebKit/537.36 (KHTML, like Gecko) Chrome/121.0.0.0 Safari/537.36" "-"
90.167.203.0 - - [16/Feb/2024:13:15:47 +0100] "GET /index.php/pagina-ejemplo/ HTTP/1.1" 200 48626 wordpress.josemroldanguerrero.com "-" "Mozilla/5.0 (iPhone; CPU iPhone OS 17_3 like Mac OS X) AppleWebKit/605.1.15 (KHTML, like Gecko) CriOS/121.0.6167.171 Mobile/15E148 Safari/604.1" "-"
90.167.203.0 - - [16/Feb/2024:13:15:47 +0100] "GET /wp-content/uploads/elementor/css/post-2.css?ver=1708085747 HTTP/1.1" 200 1469 wordpress.josemroldanguerrero.com "https://wordpress.josemroldanguerrero.com/index.php/pagina-ejemplo/" "Mozilla/5.0 (iPhone; CPU iPhone OS 17_3 like Mac OS X) AppleWebKit/605.1.15 (KHTML, like Gecko) CriOS/121.0.6167.171 Mobile/15E148 Safari/604.1" "-"
90.167.203.0 - - [16/Feb/2024:13:15:47 +0100] "GET /wp-content/uploads/2024/02/ghostinthesell.webp HTTP/1.1" 200 278804 wordpress.josemroldanguerrero.com "https://wordpress.josemroldanguerrero.com/index.php/pagina-ejemplo/" "Mozilla/5.0 (iPhone; CPU iPhone OS 17_3 like Mac OS X) AppleWebKit/605.1.15 (KHTML, like Gecko) CriOS/121.0.6167.171 Mobile/15E148 Safari/604.1" "-"
139.47.100.0 - - [16/Feb/2024:13:15:56 +0100] "POST /wp-admin/admin-ajax.php HTTP/1.1" 200 77 wordpress.josemroldanguerrero.com "https://wordpress.josemroldanguerrero.com/wp-admin/post.php?post=2&action=elementor" "Mozilla/5.0 (Windows NT 10.0; Win64; x64) AppleWebKit/537.36 (KHTML, like Gecko) Chrome/121.0.0.0 Safari/537.36" "-"
139.47.100.0 - - [16/Feb/2024:13:16:10 +0100] "POST /wp-admin/admin-ajax.php HTTP/1.1" 200 1765 wordpress.josemroldanguerrero.com "https://wordpress.josemroldanguerrero.com/wp-admin/post.php?post=2&action=elementor" "Mozilla/5.0 (Windows NT 10.0; Win64; x64) AppleWebKit/537.36 (KHTML, like Gecko) Chrome/121.0.0.0 Safari/537.36" "-"
139.47.100.0 - - [16/Feb/2024:13:16:11 +0100] "POST /wp-admin/admin-ajax.php HTTP/1.1" 200 77 wordpress.josemroldanguerrero.com "https://wordpress.josemroldanguerrero.com/wp-admin/post.php?post=2&action=elementor" "Mozilla/5.0 (Windows NT 10.0; Win64; x64) AppleWebKit/537.36 (KHTML, like Gecko) Chrome/121.0.0.0 Safari/537.36" "-"
139.47.100.0 - - [16/Feb/2024:13:16:18 +0100] "POST /wp-admin/admin-ajax.php HTTP/1.1" 200 60930 wordpress.josemroldanguerrero.com "https://wordpress.josemroldanguerrero.com/wp-admin/post.php?post=2&action=elementor" "Mozilla/5.0 (Windows NT 10.0; Win64; x64) AppleWebKit/537.36 (KHTML, like Gecko) Chrome/121.0.0.0 Safari/537.36" "-"
139.47.100.0 - - [16/Feb/2024:13:16:18 +0100] "POST /wp-admin/admin-ajax.php HTTP/1.1" 200 65504 wordpress.josemroldanguerrero.com "https://wordpress.josemroldanguerrero.com/wp-admin/post.php?post=2&action=elementor" "Mozilla/5.0 (Windows NT 10.0; Win64; x64) AppleWebKit/537.36 (KHTML, like Gecko) Chrome/121.0.0.0 Safari/537.36" "-"
139.47.100.0 - - [16/Feb/2024:13:16:26 +0100] "POST /wp-admin/admin-ajax.php HTTP/1.1" 200 77 wordpress.josemroldanguerrero.com "https://wordpress.josemroldanguerrero.com/wp-admin/post.php?post=2&action=elementor" "Mozilla/5.0 (Windows NT 10.0; Win64; x64) AppleWebKit/537.36 (KHTML, like Gecko) Chrome/121.0.0.0 Safari/537.36" "-"
139.47.100.0 - - [16/Feb/2024:13:16:27 +0100] "POST /wp-admin/admin-ajax.php HTTP/1.1" 200 1765 wordpress.josemroldanguerrero.com "https://wordpress.josemroldanguerrero.com/wp-admin/post.php?post=2&action=elementor" "Mozilla/5.0 (Windows NT 10.0; Win64; x64) AppleWebKit/537.36 (KHTML, like Gecko) Chrome/121.0.0.0 Safari/537.36" "-"
139.47.100.0 - - [16/Feb/2024:13:16:27 +0100] "POST /wp-admin/admin-ajax.php HTTP/1.1" 200 134 wordpress.josemroldanguerrero.com "https://wordpress.josemroldanguerrero.com/wp-admin/post.php?post=2&action=elementor" "Mozilla/5.0 (Windows NT 10.0; Win64; x64) AppleWebKit/537.36 (KHTML, like Gecko) Chrome/121.0.0.0 Safari/537.36" "-"
139.47.100.0 - - [16/Feb/2024:13:16:41 +0100] "POST /wp-admin/admin-ajax.php HTTP/1.1" 200 77 wordpress.josemroldanguerrero.com "https://wordpress.josemroldanguerrero.com/wp-admin/post.php?post=2&action=elementor" "Mozilla/5.0 (Windows NT 10.0; Win64; x64) AppleWebKit/537.36 (KHTML, like Gecko) Chrome/121.0.0.0 Safari/537.36" "-"
90.167.203.0 - - [16/Feb/2024:13:16:42 +0100] "GET /index.php/pagina-ejemplo/ HTTP/1.1" 200 48626 wordpress.josemroldanguerrero.com "-" "Mozilla/5.0 (iPhone; CPU iPhone OS 17_3 like Mac OS X) AppleWebKit/605.1.15 (KHTML, like Gecko) CriOS/121.0.6167.171 Mobile/15E148 Safari/604.1" "-"
139.47.100.0 - - [16/Feb/2024:13:16:45 +0100] "POST /wp-admin/admin-ajax.php HTTP/1.1" 200 671 wordpress.josemroldanguerrero.com "https://wordpress.josemroldanguerrero.com/wp-admin/post.php?post=2&action=elementor" "Mozilla/5.0 (Windows NT 10.0; Win64; x64) AppleWebKit/537.36 (KHTML, like Gecko) Chrome/121.0.0.0 Safari/537.36" "-"
90.167.203.0 - - [16/Feb/2024:13:16:49 +0100] "GET /index.php/pagina-ejemplo/ HTTP/1.1" 200 48680 wordpress.josemroldanguerrero.com "-" "Mozilla/5.0 (iPhone; CPU iPhone OS 17_3 like Mac OS X) AppleWebKit/605.1.15 (KHTML, like Gecko) CriOS/121.0.6167.171 Mobile/15E148 Safari/604.1" "-"
90.167.203.0 - - [16/Feb/2024:13:16:49 +0100] "GET /wp-content/uploads/elementor/css/post-2.css?ver=1708085809 HTTP/1.1" 200 1399 wordpress.josemroldanguerrero.com "https://wordpress.josemroldanguerrero.com/index.php/pagina-ejemplo/" "Mozilla/5.0 (iPhone; CPU iPhone OS 17_3 like Mac OS X) AppleWebKit/605.1.15 (KHTML, like Gecko) CriOS/121.0.6167.171 Mobile/15E148 Safari/604.1" "-"
90.167.203.0 - - [16/Feb/2024:13:16:55 +0100] "GET /index.php/pagina-ejemplo/ HTTP/1.1" 200 48680 wordpress.josemroldanguerrero.com "-" "Mozilla/5.0 (iPhone; CPU iPhone OS 17_3 like Mac OS X) AppleWebKit/605.1.15 (KHTML, like Gecko) CriOS/121.0.6167.171 Mobile/15E148 Safari/604.1" "-"
139.47.100.0 - - [16/Feb/2024:13:16:56 +0100] "POST /wp-admin/admin-ajax.php HTTP/1.1" 200 77 wordpress.josemroldanguerrero.com "https://wordpress.josemroldanguerrero.com/wp-admin/post.php?post=2&action=elementor" "Mozilla/5.0 (Windows NT 10.0; Win64; x64) AppleWebKit/537.36 (KHTML, like Gecko) Chrome/121.0.0.0 Safari/537.36" "-"
90.167.203.0 - - [16/Feb/2024:13:17:03 +0100] "GET /wp-content/uploads/2024/02/beast-style-burger-combo-1.png HTTP/1.1" 404 32774 wordpress.josemroldanguerrero.com "https://wordpress.josemroldanguerrero.com/" "Mozilla/5.0 (iPhone; CPU iPhone OS 17_3 like Mac OS X) AppleWebKit/605.1.15 (KHTML, like Gecko) CriOS/121.0.6167.171 Mobile/15E148 Safari/604.1" "-"
90.167.203.0 - - [16/Feb/2024:13:17:08 +0100] "GET / HTTP/1.1" 200 101418 wordpress.josemroldanguerrero.com "-" "Mozilla/5.0 (iPhone; CPU iPhone OS 17_3 like Mac OS X) AppleWebKit/605.1.15 (KHTML, like Gecko) CriOS/121.0.6167.171 Mobile/15E148 Safari/604.1" "-"
90.167.203.0 - - [16/Feb/2024:13:17:09 +0100] "GET /wp-content/uploads/elementor/css/post-24.css?ver=1708026278 HTTP/1.1" 200 7399 wordpress.josemroldanguerrero.com "https://wordpress.josemroldanguerrero.com/" "Mozilla/5.0 (iPhone; CPU iPhone OS 17_3 like Mac OS X) AppleWebKit/605.1.15 (KHTML, like Gecko) CriOS/121.0.6167.171 Mobile/15E148 Safari/604.1" "-"
90.167.203.0 - - [16/Feb/2024:13:17:09 +0100] "GET /wp-content/uploads/elementor/css/post-268.css?ver=1708027532 HTTP/1.1" 200 664 wordpress.josemroldanguerrero.com "https://wordpress.josemroldanguerrero.com/" "Mozilla/5.0 (iPhone; CPU iPhone OS 17_3 like Mac OS X) AppleWebKit/605.1.15 (KHTML, like Gecko) CriOS/121.0.6167.171 Mobile/15E148 Safari/604.1" "-"
90.167.203.0 - - [16/Feb/2024:13:17:09 +0100] "GET /wp-content/uploads/2024/02/photo-beast-style-burger-combo-1024x683-1.jpg HTTP/1.1" 200 37379 wordpress.josemroldanguerrero.com "https://wordpress.josemroldanguerrero.com/" "Mozilla/5.0 (iPhone; CPU iPhone OS 17_3 like Mac OS X) AppleWebKit/605.1.15 (KHTML, like Gecko) CriOS/121.0.6167.171 Mobile/15E148 Safari/604.1" "-"
139.47.100.0 - - [16/Feb/2024:13:17:11 +0100] "POST /wp-admin/admin-ajax.php HTTP/1.1" 200 77 wordpress.josemroldanguerrero.com "https://wordpress.josemroldanguerrero.com/wp-admin/post.php?post=2&action=elementor" "Mozilla/5.0 (Windows NT 10.0; Win64; x64) AppleWebKit/537.36 (KHTML, like Gecko) Chrome/121.0.0.0 Safari/537.36" "-"
90.167.203.0 - - [16/Feb/2024:13:17:11 +0100] "GET /index.php/pagina-ejemplo/ HTTP/1.1" 200 48680 wordpress.josemroldanguerrero.com "https://wordpress.josemroldanguerrero.com/" "Mozilla/5.0 (iPhone; CPU iPhone OS 17_3 like Mac OS X) AppleWebKit/605.1.15 (KHTML, like Gecko) CriOS/121.0.6167.171 Mobile/15E148 Safari/604.1" "-"
139.47.100.0 - - [16/Feb/2024:13:17:26 +0100] "POST /wp-admin/admin-ajax.php HTTP/1.1" 200 77 wordpress.josemroldanguerrero.com "https://wordpress.josemroldanguerrero.com/wp-admin/post.php?post=2&action=elementor" "Mozilla/5.0 (Windows NT 10.0; Win64; x64) AppleWebKit/537.36 (KHTML, like Gecko) Chrome/121.0.0.0 Safari/537.36" "-"
139.47.100.0 - - [16/Feb/2024:13:17:41 +0100] "POST /wp-admin/admin-ajax.php HTTP/1.1" 200 77 wordpress.josemroldanguerrero.com "https://wordpress.josemroldanguerrero.com/wp-admin/post.php?post=2&action=elementor" "Mozilla/5.0 (Windows NT 10.0; Win64; x64) AppleWebKit/537.36 (KHTML, like Gecko) Chrome/121.0.0.0 Safari/537.36" "-"
139.47.100.0 - - [16/Feb/2024:13:17:56 +0100] "POST /wp-admin/admin-ajax.php HTTP/1.1" 200 77 wordpress.josemroldanguerrero.com "https://wordpress.josemroldanguerrero.com/wp-admin/post.php?post=2&action=elementor" "Mozilla/5.0 (Windows NT 10.0; Win64; x64) AppleWebKit/537.36 (KHTML, like Gecko) Chrome/121.0.0.0 Safari/537.36" "-"
139.47.100.0 - - [16/Feb/2024:13:18:07 +0100] "POST /wp-admin/admin-ajax.php HTTP/1.1" 200 1765 wordpress.josemroldanguerrero.com "https://wordpress.josemroldanguerrero.com/wp-admin/post.php?post=2&action=elementor" "Mozilla/5.0 (Windows NT 10.0; Win64; x64) AppleWebKit/537.36 (KHTML, like Gecko) Chrome/121.0.0.0 Safari/537.36" "-"
139.47.100.0 - - [16/Feb/2024:13:18:11 +0100] "POST /wp-admin/admin-ajax.php HTTP/1.1" 200 77 wordpress.josemroldanguerrero.com "https://wordpress.josemroldanguerrero.com/wp-admin/post.php?post=2&action=elementor" "Mozilla/5.0 (Windows NT 10.0; Win64; x64) AppleWebKit/537.36 (KHTML, like Gecko) Chrome/121.0.0.0 Safari/537.36" "-"
139.47.100.0 - - [16/Feb/2024:13:18:12 +0100] "POST /wp-admin/admin-ajax.php HTTP/1.1" 200 1765 wordpress.josemroldanguerrero.com "https://wordpress.josemroldanguerrero.com/wp-admin/post.php?post=2&action=elementor" "Mozilla/5.0 (Windows NT 10.0; Win64; x64) AppleWebKit/537.36 (KHTML, like Gecko) Chrome/121.0.0.0 Safari/537.36" "-"
139.47.100.0 - - [16/Feb/2024:13:18:27 +0100] "POST /wp-admin/admin-ajax.php HTTP/1.1" 200 77 wordpress.josemroldanguerrero.com "https://wordpress.josemroldanguerrero.com/wp-admin/post.php?post=2&action=elementor" "Mozilla/5.0 (Windows NT 10.0; Win64; x64) AppleWebKit/537.36 (KHTML, like Gecko) Chrome/121.0.0.0 Safari/537.36" "-"
139.47.100.0 - - [16/Feb/2024:13:18:34 +0100] "GET /wp-content/uploads/2024/02/ghostinthesell-683x1024.webp HTTP/1.1" 200 163254 wordpress.josemroldanguerrero.com "https://wordpress.josemroldanguerrero.com/index.php/pagina-ejemplo/" "Mozilla/5.0 (Linux; Android 6.0; Nexus 5 Build/MRA58N) AppleWebKit/537.36 (KHTML, like Gecko) Chrome/121.0.0.0 Mobile Safari/537.36" "-"
139.47.100.0 - - [16/Feb/2024:13:18:34 +0100] "GET /wp-content/uploads/2024/02/title-768x173.png HTTP/1.1" 200 36586 wordpress.josemroldanguerrero.com "https://wordpress.josemroldanguerrero.com/index.php/pagina-ejemplo/" "Mozilla/5.0 (Linux; Android 6.0; Nexus 5 Build/MRA58N) AppleWebKit/537.36 (KHTML, like Gecko) Chrome/121.0.0.0 Mobile Safari/537.36" "-"
139.47.100.0 - - [16/Feb/2024:13:18:38 +0100] "GET /index.php/pagina-ejemplo/ HTTP/1.1" 200 82492 wordpress.josemroldanguerrero.com "https://wordpress.josemroldanguerrero.com/" "Mozilla/5.0 (Windows NT 10.0; Win64; x64) AppleWebKit/537.36 (KHTML, like Gecko) Chrome/121.0.0.0 Safari/537.36" "-"
139.47.100.0 - - [16/Feb/2024:13:18:39 +0100] "GET /wp-content/uploads/elementor/css/post-2.css?ver=1708085809 HTTP/1.1" 200 1399 wordpress.josemroldanguerrero.com "https://wordpress.josemroldanguerrero.com/index.php/pagina-ejemplo/" "Mozilla/5.0 (Windows NT 10.0; Win64; x64) AppleWebKit/537.36 (KHTML, like Gecko) Chrome/121.0.0.0 Safari/537.36" "-"
139.47.100.0 - - [16/Feb/2024:13:18:39 +0100] "GET /wp-content/uploads/2024/02/ghostinthesell.webp HTTP/1.1" 304 - wordpress.josemroldanguerrero.com "https://wordpress.josemroldanguerrero.com/wp-content/uploads/elementor/css/post-2.css?ver=1708085809" "Mozilla/5.0 (Windows NT 10.0; Win64; x64) AppleWebKit/537.36 (KHTML, like Gecko) Chrome/121.0.0.0 Safari/537.36" "-"
139.47.100.0 - - [16/Feb/2024:13:18:41 +0100] "GET /index.php/pagina-ejemplo/ HTTP/1.1" 200 82492 wordpress.josemroldanguerrero.com "https://wordpress.josemroldanguerrero.com/" "Mozilla/5.0 (Windows NT 10.0; Win64; x64) AppleWebKit/537.36 (KHTML, like Gecko) Chrome/121.0.0.0 Safari/537.36" "-"
139.47.100.0 - - [16/Feb/2024:13:18:41 +0100] "POST /wp-admin/admin-ajax.php HTTP/1.1" 200 697 wordpress.josemroldanguerrero.com "https://wordpress.josemroldanguerrero.com/wp-admin/post.php?post=2&action=elementor" "Mozilla/5.0 (Windows NT 10.0; Win64; x64) AppleWebKit/537.36 (KHTML, like Gecko) Chrome/121.0.0.0 Safari/537.36" "-"
139.47.100.0 - - [16/Feb/2024:13:19:05 +0100] "POST /wp-admin/admin-ajax.php HTTP/1.1" 200 77 wordpress.josemroldanguerrero.com "https://wordpress.josemroldanguerrero.com/wp-admin/post.php?post=2&action=elementor" "Mozilla/5.0 (Windows NT 10.0; Win64; x64) AppleWebKit/537.36 (KHTML, like Gecko) Chrome/121.0.0.0 Safari/537.36" "-"
139.47.100.0 - - [16/Feb/2024:13:19:21 +0100] "POST /wp-admin/admin-ajax.php HTTP/1.1" 200 77 wordpress.josemroldanguerrero.com "https://wordpress.josemroldanguerrero.com/wp-admin/post.php?post=2&action=elementor" "Mozilla/5.0 (Windows NT 10.0; Win64; x64) AppleWebKit/537.36 (KHTML, like Gecko) Chrome/121.0.0.0 Safari/537.36" "-"
139.47.100.0 - - [16/Feb/2024:13:19:41 +0100] "POST /wp-admin/admin-ajax.php HTTP/1.1" 200 77 wordpress.josemroldanguerrero.com "https://wordpress.josemroldanguerrero.com/wp-admin/post.php?post=2&action=elementor" "Mozilla/5.0 (Windows NT 10.0; Win64; x64) AppleWebKit/537.36 (KHTML, like Gecko) Chrome/121.0.0.0 Safari/537.36" "-"
139.47.100.0 - - [16/Feb/2024:13:19:57 +0100] "POST /wp-admin/admin-ajax.php HTTP/1.1" 200 77 wordpress.josemroldanguerrero.com "https://wordpress.josemroldanguerrero.com/wp-admin/post.php?post=2&action=elementor" "Mozilla/5.0 (Windows NT 10.0; Win64; x64) AppleWebKit/537.36 (KHTML, like Gecko) Chrome/121.0.0.0 Safari/537.36" "-"
139.47.100.0 - - [16/Feb/2024:13:20:28 +0100] "POST /wp-admin/admin-ajax.php HTTP/1.1" 200 77 wordpress.josemroldanguerrero.com "https://wordpress.josemroldanguerrero.com/wp-admin/post.php?post=2&action=elementor" "Mozilla/5.0 (Windows NT 10.0; Win64; x64) AppleWebKit/537.36 (KHTML, like Gecko) Chrome/121.0.0.0 Safari/537.36" "-"
